Copyright 1986-2022 Xilinx, Inc. All Rights Reserved.
--------------------------------------------------------------------------------------------------------------------------------------------------------------------------------------------------------------------------------------------------------------------------------------------------------------------------------------
| Tool Version : Vivado v.2022.2 (win64) Build 3671981 Fri Oct 14 05:00:03 MDT 2022
| Date         : Tue Sep 15 22:09:55 2026
| Host         : LAPTOP-A7P3RQOS running 64-bit major release  (build 9200)
| Command      : report_timing -through [get_pins -of_objects [get_cells -hier -quiet -filter {NAME =~ *g_dot2h* && REF_NAME == DSP48E1}] -filter {DIRECTION == OUT}] -max_paths 5 -path_type full -file D:/code/FPGA/vivado/ultra_bht_btb_followup/sim/ultra_simd_subset_v1/coremark_followup/physical_followup/before_dot_paths.rpt
| Design       : riscv_tcm_top
| Device       : 7z020-clg400
| Speed File   : -1  PRODUCTION 1.12 2019-11-22
--------------------------------------------------------------------------------------------------------------------------------------------------------------------------------------------------------------------------------------------------------------------------------------------------------------------------------------

Timing Report

Slack (MET) :             2.838ns  (required time - arrival time)
  Source:                 u_core/u_mul/operand_b_e1_q_reg[6]/C
                            (rising edge-triggered cell FDCE clocked by clk_i  {rise@0.000ns fall@6.250ns period=12.500ns})
  Destination:            u_core/u_mul/result_e2_q_reg[0]/D
                            (rising edge-triggered cell FDCE clocked by clk_i  {rise@0.000ns fall@6.250ns period=12.500ns})
  Path Group:             clk_i
  Path Type:              Setup (Max at Slow Process Corner)
  Requirement:            12.500ns  (clk_i rise@12.500ns - clk_i rise@0.000ns)
  Data Path Delay:        9.479ns  (logic 6.087ns (64.215%)  route 3.392ns (35.785%))
  Logic Levels:           3  (DSP48E1=2 LUT5=1)
  Clock Path Skew:        -0.225ns (DCD - SCD + CPR)
    Destination Clock Delay (DCD):    1.496ns = ( 13.996 - 12.500 ) 
    Source Clock Delay      (SCD):    1.836ns
    Clock Pessimism Removal (CPR):    0.115ns
  Clock Uncertainty:      0.035ns  ((TSJ^2 + TIJ^2)^1/2 + DJ) / 2 + PE
    Total System Jitter     (TSJ):    0.071ns
    Total Input Jitter      (TIJ):    0.000ns
    Discrete Jitter          (DJ):    0.000ns
    Phase Error              (PE):    0.000ns

    Location             Delay type                Incr(ns)  Path(ns)    Netlist Resource(s)
  -------------------------------------------------------------------    -------------------
                         (clock clk_i rise edge)      0.000     0.000 r  
                         propagated clock network latency
                                                      1.836     1.836    
    SLICE_X5Y7           FDCE                         0.000     1.836 r  u_core/u_mul/operand_b_e1_q_reg[6]/C
    SLICE_X5Y7           FDCE (Prop_fdce_C_Q)         0.419     2.255 r  u_core/u_mul/operand_b_e1_q_reg[6]/Q
                         net (fo=3, routed)           1.908     4.163    u_core/u_mul/operand_b_e1_q_reg_n_0_[6]
    DSP48_X2Y4           DSP48E1 (Prop_dsp48e1_B[6]_PCOUT[47])
                                                      4.026     8.189 r  u_core/u_mul/g_dot2h.p0/PCOUT[47]
                         net (fo=1, routed)           0.002     8.191    u_core/u_mul/g_dot2h.p0_n_106
    DSP48_X2Y5           DSP48E1 (Prop_dsp48e1_PCIN[47]_P[0])
                                                      1.518     9.709 r  u_core/u_mul/g_dot2h.sum/P[0]
                         net (fo=1, routed)           1.482    11.191    u_core/u_mul/g_dot2h.sum_n_105
    SLICE_X34Y4          LUT5 (Prop_lut5_I0_O)        0.124    11.315 r  u_core/u_mul/result_e2_q[0]_i_1/O
                         net (fo=1, routed)           0.000    11.315    u_core/u_mul/result_r[0]
    SLICE_X34Y4          FDCE                                         r  u_core/u_mul/result_e2_q_reg[0]/D
  -------------------------------------------------------------------    -------------------

                         (clock clk_i rise edge)     12.500    12.500 r  
                         propagated clock network latency
                                                      1.496    13.996    
                         clock pessimism              0.115    14.111    
                         clock uncertainty           -0.035    14.076    
    SLICE_X34Y4          FDCE (Setup_fdce_C_D)        0.077    14.153    u_core/u_mul/result_e2_q_reg[0]
  -------------------------------------------------------------------
                         required time                         14.153    
                         arrival time                         -11.315    
  -------------------------------------------------------------------
                         slack                                  2.838    

Slack (MET) :             2.973ns  (required time - arrival time)
  Source:                 u_core/u_mul/operand_b_e1_q_reg[6]/C
                            (rising edge-triggered cell FDCE clocked by clk_i  {rise@0.000ns fall@6.250ns period=12.500ns})
  Destination:            u_core/u_mul/result_e2_q_reg[6]/D
                            (rising edge-triggered cell FDCE clocked by clk_i  {rise@0.000ns fall@6.250ns period=12.500ns})
  Path Group:             clk_i
  Path Type:              Setup (Max at Slow Process Corner)
  Requirement:            12.500ns  (clk_i rise@12.500ns - clk_i rise@0.000ns)
  Data Path Delay:        9.345ns  (logic 6.087ns (65.135%)  route 3.258ns (34.865%))
  Logic Levels:           3  (DSP48E1=2 LUT5=1)
  Clock Path Skew:        -0.225ns (DCD - SCD + CPR)
    Destination Clock Delay (DCD):    1.496ns = ( 13.996 - 12.500 ) 
    Source Clock Delay      (SCD):    1.836ns
    Clock Pessimism Removal (CPR):    0.115ns
  Clock Uncertainty:      0.035ns  ((TSJ^2 + TIJ^2)^1/2 + DJ) / 2 + PE
    Total System Jitter     (TSJ):    0.071ns
    Total Input Jitter      (TIJ):    0.000ns
    Discrete Jitter          (DJ):    0.000ns
    Phase Error              (PE):    0.000ns

    Location             Delay type                Incr(ns)  Path(ns)    Netlist Resource(s)
  -------------------------------------------------------------------    -------------------
                         (clock clk_i rise edge)      0.000     0.000 r  
                         propagated clock network latency
                                                      1.836     1.836    
    SLICE_X5Y7           FDCE                         0.000     1.836 r  u_core/u_mul/operand_b_e1_q_reg[6]/C
    SLICE_X5Y7           FDCE (Prop_fdce_C_Q)         0.419     2.255 r  u_core/u_mul/operand_b_e1_q_reg[6]/Q
                         net (fo=3, routed)           1.908     4.163    u_core/u_mul/operand_b_e1_q_reg_n_0_[6]
    DSP48_X2Y4           DSP48E1 (Prop_dsp48e1_B[6]_PCOUT[47])
                                                      4.026     8.189 r  u_core/u_mul/g_dot2h.p0/PCOUT[47]
                         net (fo=1, routed)           0.002     8.191    u_core/u_mul/g_dot2h.p0_n_106
    DSP48_X2Y5           DSP48E1 (Prop_dsp48e1_PCIN[47]_P[6])
                                                      1.518     9.709 r  u_core/u_mul/g_dot2h.sum/P[6]
                         net (fo=1, routed)           1.348    11.057    u_core/u_mul/g_dot2h.sum_n_99
    SLICE_X34Y5          LUT5 (Prop_lut5_I0_O)        0.124    11.181 r  u_core/u_mul/result_e2_q[6]_i_1/O
                         net (fo=1, routed)           0.000    11.181    u_core/u_mul/result_r[6]
    SLICE_X34Y5          FDCE                                         r  u_core/u_mul/result_e2_q_reg[6]/D
  -------------------------------------------------------------------    -------------------

                         (clock clk_i rise edge)     12.500    12.500 r  
                         propagated clock network latency
                                                      1.496    13.996    
                         clock pessimism              0.115    14.111    
                         clock uncertainty           -0.035    14.076    
    SLICE_X34Y5          FDCE (Setup_fdce_C_D)        0.079    14.155    u_core/u_mul/result_e2_q_reg[6]
  -------------------------------------------------------------------
                         required time                         14.155    
                         arrival time                         -11.181    
  -------------------------------------------------------------------
                         slack                                  2.973    

Slack (MET) :             3.021ns  (required time - arrival time)
  Source:                 u_core/u_mul/operand_b_e1_q_reg[6]/C
                            (rising edge-triggered cell FDCE clocked by clk_i  {rise@0.000ns fall@6.250ns period=12.500ns})
  Destination:            u_core/u_mul/result_e2_q_reg[16]/D
                            (rising edge-triggered cell FDCE clocked by clk_i  {rise@0.000ns fall@6.250ns period=12.500ns})
  Path Group:             clk_i
  Path Type:              Setup (Max at Slow Process Corner)
  Requirement:            12.500ns  (clk_i rise@12.500ns - clk_i rise@0.000ns)
  Data Path Delay:        9.296ns  (logic 6.087ns (65.481%)  route 3.209ns (34.519%))
  Logic Levels:           3  (DSP48E1=2 LUT5=1)
  Clock Path Skew:        -0.229ns (DCD - SCD + CPR)
    Destination Clock Delay (DCD):    1.492ns = ( 13.992 - 12.500 ) 
    Source Clock Delay      (SCD):    1.836ns
    Clock Pessimism Removal (CPR):    0.115ns
  Clock Uncertainty:      0.035ns  ((TSJ^2 + TIJ^2)^1/2 + DJ) / 2 + PE
    Total System Jitter     (TSJ):    0.071ns
    Total Input Jitter      (TIJ):    0.000ns
    Discrete Jitter          (DJ):    0.000ns
    Phase Error              (PE):    0.000ns

    Location             Delay type                Incr(ns)  Path(ns)    Netlist Resource(s)
  -------------------------------------------------------------------    -------------------
                         (clock clk_i rise edge)      0.000     0.000 r  
                         propagated clock network latency
                                                      1.836     1.836    
    SLICE_X5Y7           FDCE                         0.000     1.836 r  u_core/u_mul/operand_b_e1_q_reg[6]/C
    SLICE_X5Y7           FDCE (Prop_fdce_C_Q)         0.419     2.255 r  u_core/u_mul/operand_b_e1_q_reg[6]/Q
                         net (fo=3, routed)           1.908     4.163    u_core/u_mul/operand_b_e1_q_reg_n_0_[6]
    DSP48_X2Y4           DSP48E1 (Prop_dsp48e1_B[6]_PCOUT[47])
                                                      4.026     8.189 r  u_core/u_mul/g_dot2h.p0/PCOUT[47]
                         net (fo=1, routed)           0.002     8.191    u_core/u_mul/g_dot2h.p0_n_106
    DSP48_X2Y5           DSP48E1 (Prop_dsp48e1_PCIN[47]_P[16])
                                                      1.518     9.709 r  u_core/u_mul/g_dot2h.sum/P[16]
                         net (fo=1, routed)           1.299    11.008    u_core/u_mul/g_dot2h.sum_n_89
    SLICE_X32Y11         LUT5 (Prop_lut5_I0_O)        0.124    11.132 r  u_core/u_mul/result_e2_q[16]_i_1/O
                         net (fo=1, routed)           0.000    11.132    u_core/u_mul/result_r[16]
    SLICE_X32Y11         FDCE                                         r  u_core/u_mul/result_e2_q_reg[16]/D
  -------------------------------------------------------------------    -------------------

                         (clock clk_i rise edge)     12.500    12.500 r  
                         propagated clock network latency
                                                      1.492    13.992    
                         clock pessimism              0.115    14.107    
                         clock uncertainty           -0.035    14.072    
    SLICE_X32Y11         FDCE (Setup_fdce_C_D)        0.081    14.153    u_core/u_mul/result_e2_q_reg[16]
  -------------------------------------------------------------------
                         required time                         14.153    
                         arrival time                         -11.132    
  -------------------------------------------------------------------
                         slack                                  3.021    

Slack (MET) :             3.053ns  (required time - arrival time)
  Source:                 u_core/u_mul/operand_b_e1_q_reg[6]/C
                            (rising edge-triggered cell FDCE clocked by clk_i  {rise@0.000ns fall@6.250ns period=12.500ns})
  Destination:            u_core/u_mul/result_e2_q_reg[14]/D
                            (rising edge-triggered cell FDCE clocked by clk_i  {rise@0.000ns fall@6.250ns period=12.500ns})
  Path Group:             clk_i
  Path Type:              Setup (Max at Slow Process Corner)
  Requirement:            12.500ns  (clk_i rise@12.500ns - clk_i rise@0.000ns)
  Data Path Delay:        9.215ns  (logic 6.087ns (66.052%)  route 3.128ns (33.948%))
  Logic Levels:           3  (DSP48E1=2 LUT5=1)
  Clock Path Skew:        -0.227ns (DCD - SCD + CPR)
    Destination Clock Delay (DCD):    1.494ns = ( 13.994 - 12.500 ) 
    Source Clock Delay      (SCD):    1.836ns
    Clock Pessimism Removal (CPR):    0.115ns
  Clock Uncertainty:      0.035ns  ((TSJ^2 + TIJ^2)^1/2 + DJ) / 2 + PE
    Total System Jitter     (TSJ):    0.071ns
    Total Input Jitter      (TIJ):    0.000ns
    Discrete Jitter          (DJ):    0.000ns
    Phase Error              (PE):    0.000ns

    Location             Delay type                Incr(ns)  Path(ns)    Netlist Resource(s)
  -------------------------------------------------------------------    -------------------
                         (clock clk_i rise edge)      0.000     0.000 r  
                         propagated clock network latency
                                                      1.836     1.836    
    SLICE_X5Y7           FDCE                         0.000     1.836 r  u_core/u_mul/operand_b_e1_q_reg[6]/C
    SLICE_X5Y7           FDCE (Prop_fdce_C_Q)         0.419     2.255 r  u_core/u_mul/operand_b_e1_q_reg[6]/Q
                         net (fo=3, routed)           1.908     4.163    u_core/u_mul/operand_b_e1_q_reg_n_0_[6]
    DSP48_X2Y4           DSP48E1 (Prop_dsp48e1_B[6]_PCOUT[47])
                                                      4.026     8.189 r  u_core/u_mul/g_dot2h.p0/PCOUT[47]
                         net (fo=1, routed)           0.002     8.191    u_core/u_mul/g_dot2h.p0_n_106
    DSP48_X2Y5           DSP48E1 (Prop_dsp48e1_PCIN[47]_P[14])
                                                      1.518     9.709 r  u_core/u_mul/g_dot2h.sum/P[14]
                         net (fo=1, routed)           1.218    10.927    u_core/u_mul/g_dot2h.sum_n_91
    SLICE_X33Y7          LUT5 (Prop_lut5_I0_O)        0.124    11.051 r  u_core/u_mul/result_e2_q[14]_i_1/O
                         net (fo=1, routed)           0.000    11.051    u_core/u_mul/result_r[14]
    SLICE_X33Y7          FDCE                                         r  u_core/u_mul/result_e2_q_reg[14]/D
  -------------------------------------------------------------------    -------------------

                         (clock clk_i rise edge)     12.500    12.500 r  
                         propagated clock network latency
                                                      1.494    13.994    
                         clock pessimism              0.115    14.109    
                         clock uncertainty           -0.035    14.074    
    SLICE_X33Y7          FDCE (Setup_fdce_C_D)        0.031    14.105    u_core/u_mul/result_e2_q_reg[14]
  -------------------------------------------------------------------
                         required time                         14.105    
                         arrival time                         -11.051    
  -------------------------------------------------------------------
                         slack                                  3.053    

Slack (MET) :             3.056ns  (required time - arrival time)
  Source:                 u_core/u_mul/operand_b_e1_q_reg[6]/C
                            (rising edge-triggered cell FDCE clocked by clk_i  {rise@0.000ns fall@6.250ns period=12.500ns})
  Destination:            u_core/u_mul/result_e2_q_reg[9]/D
                            (rising edge-triggered cell FDCE clocked by clk_i  {rise@0.000ns fall@6.250ns period=12.500ns})
  Path Group:             clk_i
  Path Type:              Setup (Max at Slow Process Corner)
  Requirement:            12.500ns  (clk_i rise@12.500ns - clk_i rise@0.000ns)
  Data Path Delay:        9.262ns  (logic 6.087ns (65.723%)  route 3.175ns (34.277%))
  Logic Levels:           3  (DSP48E1=2 LUT5=1)
  Clock Path Skew:        -0.226ns (DCD - SCD + CPR)
    Destination Clock Delay (DCD):    1.495ns = ( 13.995 - 12.500 ) 
    Source Clock Delay      (SCD):    1.836ns
    Clock Pessimism Removal (CPR):    0.115ns
  Clock Uncertainty:      0.035ns  ((TSJ^2 + TIJ^2)^1/2 + DJ) / 2 + PE
    Total System Jitter     (TSJ):    0.071ns
    Total Input Jitter      (TIJ):    0.000ns
    Discrete Jitter          (DJ):    0.000ns
    Phase Error              (PE):    0.000ns

    Location             Delay type                Incr(ns)  Path(ns)    Netlist Resource(s)
  -------------------------------------------------------------------    -------------------
                         (clock clk_i rise edge)      0.000     0.000 r  
                         propagated clock network latency
                                                      1.836     1.836    
    SLICE_X5Y7           FDCE                         0.000     1.836 r  u_core/u_mul/operand_b_e1_q_reg[6]/C
    SLICE_X5Y7           FDCE (Prop_fdce_C_Q)         0.419     2.255 r  u_core/u_mul/operand_b_e1_q_reg[6]/Q
                         net (fo=3, routed)           1.908     4.163    u_core/u_mul/operand_b_e1_q_reg_n_0_[6]
    DSP48_X2Y4           DSP48E1 (Prop_dsp48e1_B[6]_PCOUT[47])
                                                      4.026     8.189 r  u_core/u_mul/g_dot2h.p0/PCOUT[47]
                         net (fo=1, routed)           0.002     8.191    u_core/u_mul/g_dot2h.p0_n_106
    DSP48_X2Y5           DSP48E1 (Prop_dsp48e1_PCIN[47]_P[9])
                                                      1.518     9.709 r  u_core/u_mul/g_dot2h.sum/P[9]
                         net (fo=1, routed)           1.264    10.974    u_core/u_mul/g_dot2h.sum_n_96
    SLICE_X34Y7          LUT5 (Prop_lut5_I0_O)        0.124    11.098 r  u_core/u_mul/result_e2_q[9]_i_1/O
                         net (fo=1, routed)           0.000    11.098    u_core/u_mul/result_r[9]
    SLICE_X34Y7          FDCE                                         r  u_core/u_mul/result_e2_q_reg[9]/D
  -------------------------------------------------------------------    -------------------

                         (clock clk_i rise edge)     12.500    12.500 r  
                         propagated clock network latency
                                                      1.495    13.995    
                         clock pessimism              0.115    14.110    
                         clock uncertainty           -0.035    14.075    
    SLICE_X34Y7          FDCE (Setup_fdce_C_D)        0.079    14.154    u_core/u_mul/result_e2_q_reg[9]
  -------------------------------------------------------------------
                         required time                         14.154    
                         arrival time                         -11.098    
  -------------------------------------------------------------------
                         slack                                  3.056    




