Copyright 1986-2022 Xilinx, Inc. All Rights Reserved.
----------------------------------------------------------------------------------------------------------------------------------------------------------------------------------------------
| Tool Version : Vivado v.2022.2 (win64) Build 3671981 Fri Oct 14 05:00:03 MDT 2022
| Date         : Tue Sep 15 22:10:52 2026
| Host         : LAPTOP-A7P3RQOS running 64-bit major release  (build 9200)
| Command      : report_timing -max_paths 10 -path_type full -file D:/code/FPGA/vivado/ultra_bht_btb_followup/sim/ultra_simd_subset_v1/coremark_followup/physical_followup/critical_paths.rpt
| Design       : riscv_tcm_top
| Device       : 7z020-clg400
| Speed File   : -1  PRODUCTION 1.12 2019-11-22
----------------------------------------------------------------------------------------------------------------------------------------------------------------------------------------------

Timing Report

Slack (MET) :             0.013ns  (required time - arrival time)
  Source:                 u_tcm/u_ram/ram_reg_0_3/CLKARDCLK
                            (rising edge-triggered cell RAMB36E1 clocked by clk_i  {rise@0.000ns fall@6.250ns period=12.500ns})
  Destination:            u_core/u_fetch/branch_pc_q_reg[20]/D
                            (rising edge-triggered cell FDCE clocked by clk_i  {rise@0.000ns fall@6.250ns period=12.500ns})
  Path Group:             clk_i
  Path Type:              Setup (Max at Slow Process Corner)
  Requirement:            12.500ns  (clk_i rise@12.500ns - clk_i rise@0.000ns)
  Data Path Delay:        12.511ns  (logic 5.317ns (42.500%)  route 7.194ns (57.500%))
  Logic Levels:           17  (CARRY4=6 LUT2=1 LUT3=1 LUT4=2 LUT6=7)
  Clock Path Skew:        -0.022ns (DCD - SCD + CPR)
    Destination Clock Delay (DCD):    1.647ns = ( 14.147 - 12.500 ) 
    Source Clock Delay      (SCD):    1.784ns
    Clock Pessimism Removal (CPR):    0.115ns
  Clock Uncertainty:      0.035ns  ((TSJ^2 + TIJ^2)^1/2 + DJ) / 2 + PE
    Total System Jitter     (TSJ):    0.071ns
    Total Input Jitter      (TIJ):    0.000ns
    Discrete Jitter          (DJ):    0.000ns
    Phase Error              (PE):    0.000ns

    Location             Delay type                Incr(ns)  Path(ns)    Netlist Resource(s)
  -------------------------------------------------------------------    -------------------
                         (clock clk_i rise edge)      0.000     0.000 r  
                         propagated clock network latency
                                                      1.784     1.784    
    RAMB36_X1Y3          RAMB36E1                     0.000     1.784 r  u_tcm/u_ram/ram_reg_0_3/CLKARDCLK
    RAMB36_X1Y3          RAMB36E1 (Prop_ramb36e1_CLKARDCLK_DOADO[1])
                                                      2.454     4.238 r  u_tcm/u_ram/ram_reg_0_3/DOADO[1]
                         net (fo=6, routed)           1.044     5.282    u_core/u_lsu/u_lsu_request/ram_read1_q[6]
    SLICE_X19Y18         LUT6 (Prop_lut6_I2_O)        0.124     5.406 f  u_core/u_lsu/u_lsu_request/result_wb_q[31]_i_16/O
                         net (fo=1, routed)           0.981     6.387    u_core/u_lsu/u_lsu_request/result_wb_q[31]_i_16_n_0
    SLICE_X15Y20         LUT6 (Prop_lut6_I3_O)        0.124     6.511 r  u_core/u_lsu/u_lsu_request/result_wb_q[31]_i_7/O
                         net (fo=29, routed)          0.838     7.350    u_core/u_lsu/u_lsu_request/result_wb_q[31]_i_7_n_0
    SLICE_X17Y15         LUT6 (Prop_lut6_I5_O)        0.124     7.474 r  u_core/u_lsu/u_lsu_request/result_wb_q[9]_i_2/O
                         net (fo=2, routed)           0.167     7.640    u_core/u_issue/u_pipe_ctrl/writeback_mem_value_w[9]
    SLICE_X17Y15         LUT6 (Prop_lut6_I5_O)        0.124     7.764 r  u_core/u_issue/u_pipe_ctrl/sub_res_w_carry__1_i_29/O
                         net (fo=2, routed)           0.307     8.071    u_core/u_issue/u_pipe_ctrl/sub_res_w_carry__1_i_29_n_0
    SLICE_X18Y15         LUT6 (Prop_lut6_I4_O)        0.124     8.195 r  u_core/u_issue/u_pipe_ctrl/sub_res_w_carry__1_i_14/O
                         net (fo=16, routed)          1.005     9.201    u_core/u_issue/u_pipe_ctrl/early_data_hold_q_reg[11][1]
    SLICE_X14Y18         LUT2 (Prop_lut2_I0_O)        0.124     9.325 r  u_core/u_issue/u_pipe_ctrl/branch_update_taken_q_i_128/O
                         net (fo=1, routed)           0.000     9.325    u_core/u_issue/u_pipe_ctrl/branch_update_taken_q_i_128_n_0
    SLICE_X14Y18         CARRY4 (Prop_carry4_S[1]_CO[3])
                                                      0.533     9.858 r  u_core/u_issue/u_pipe_ctrl/branch_update_taken_q_reg_i_115/CO[3]
                         net (fo=1, routed)           0.000     9.858    u_core/u_issue/u_pipe_ctrl/branch_update_taken_q_reg_i_115_n_0
    SLICE_X14Y19         CARRY4 (Prop_carry4_CI_CO[3])
                                                      0.117     9.975 r  u_core/u_issue/u_pipe_ctrl/branch_update_taken_q_reg_i_105/CO[3]
                         net (fo=1, routed)           0.000     9.975    u_core/u_issue/u_pipe_ctrl/branch_update_taken_q_reg_i_105_n_0
    SLICE_X14Y20         CARRY4 (Prop_carry4_CI_CO[3])
                                                      0.117    10.092 r  u_core/u_issue/u_pipe_ctrl/branch_update_taken_q_reg_i_87/CO[3]
                         net (fo=1, routed)           0.000    10.092    u_core/u_issue/u_pipe_ctrl/branch_update_taken_q_reg_i_87_n_0
    SLICE_X14Y21         CARRY4 (Prop_carry4_CI_CO[3])
                                                      0.117    10.209 r  u_core/u_issue/u_pipe_ctrl/branch_update_taken_q_reg_i_60/CO[3]
                         net (fo=1, routed)           0.000    10.209    u_core/u_issue/u_pipe_ctrl/branch_update_taken_q_reg_i_60_n_0
    SLICE_X14Y22         CARRY4 (Prop_carry4_CI_CO[3])
                                                      0.117    10.326 r  u_core/u_issue/u_pipe_ctrl/branch_update_taken_q_reg_i_31/CO[3]
                         net (fo=1, routed)           0.000    10.326    u_core/u_issue/u_pipe_ctrl/branch_update_taken_q_reg_i_31_n_0
    SLICE_X14Y23         CARRY4 (Prop_carry4_CI_O[3])
                                                      0.315    10.641 r  u_core/u_issue/u_pipe_ctrl/branch_update_taken_q_reg_i_12/O[3]
                         net (fo=1, routed)           0.586    11.226    u_core/u_issue/u_pipe_ctrl/u_exec/less_than_signed01_out[31]
    SLICE_X12Y23         LUT3 (Prop_lut3_I0_O)        0.307    11.533 r  u_core/u_issue/u_pipe_ctrl/branch_update_taken_q_i_7/O
                         net (fo=1, routed)           0.473    12.006    u_core/u_decode/branch_update_taken_q_i_2_0
    SLICE_X11Y21         LUT6 (Prop_lut6_I4_O)        0.124    12.130 r  u_core/u_decode/branch_update_taken_q_i_3/O
                         net (fo=1, routed)           0.264    12.394    u_core/u_decode/branch_update_taken_q_i_3_n_0
    SLICE_X11Y21         LUT6 (Prop_lut6_I0_O)        0.124    12.518 r  u_core/u_decode/branch_update_taken_q_i_2/O
                         net (fo=64, routed)          0.930    13.448    u_core/u_decode/branch_update_taken_q_i_2_n_0
    SLICE_X4Y22          LUT4 (Prop_lut4_I0_O)        0.124    13.572 r  u_core/u_decode/branch_pc_q[20]_i_3/O
                         net (fo=1, routed)           0.599    14.171    u_core/u_csr/branch_pc_q_reg[20]_0
    SLICE_X2Y21          LUT4 (Prop_lut4_I3_O)        0.124    14.295 r  u_core/u_csr/branch_pc_q[20]_i_1/O
                         net (fo=1, routed)           0.000    14.295    u_core/u_fetch/D[18]
    SLICE_X2Y21          FDCE                                         r  u_core/u_fetch/branch_pc_q_reg[20]/D
  -------------------------------------------------------------------    -------------------

                         (clock clk_i rise edge)     12.500    12.500 r  
                         propagated clock network latency
                                                      1.647    14.147    
                         clock pessimism              0.115    14.262    
                         clock uncertainty           -0.035    14.227    
    SLICE_X2Y21          FDCE (Setup_fdce_C_D)        0.081    14.308    u_core/u_fetch/branch_pc_q_reg[20]
  -------------------------------------------------------------------
                         required time                         14.308    
                         arrival time                         -14.295    
  -------------------------------------------------------------------
                         slack                                  0.013    

Slack (MET) :             0.023ns  (required time - arrival time)
  Source:                 u_tcm/u_ram/ram_reg_0_3/CLKARDCLK
                            (rising edge-triggered cell RAMB36E1 clocked by clk_i  {rise@0.000ns fall@6.250ns period=12.500ns})
  Destination:            u_core/u_fetch/branch_pc_q_reg[15]/D
                            (rising edge-triggered cell FDCE clocked by clk_i  {rise@0.000ns fall@6.250ns period=12.500ns})
  Path Group:             clk_i
  Path Type:              Setup (Max at Slow Process Corner)
  Requirement:            12.500ns  (clk_i rise@12.500ns - clk_i rise@0.000ns)
  Data Path Delay:        12.497ns  (logic 5.317ns (42.546%)  route 7.180ns (57.454%))
  Logic Levels:           17  (CARRY4=6 LUT2=1 LUT3=1 LUT4=1 LUT5=1 LUT6=7)
  Clock Path Skew:        -0.023ns (DCD - SCD + CPR)
    Destination Clock Delay (DCD):    1.646ns = ( 14.146 - 12.500 ) 
    Source Clock Delay      (SCD):    1.784ns
    Clock Pessimism Removal (CPR):    0.115ns
  Clock Uncertainty:      0.035ns  ((TSJ^2 + TIJ^2)^1/2 + DJ) / 2 + PE
    Total System Jitter     (TSJ):    0.071ns
    Total Input Jitter      (TIJ):    0.000ns
    Discrete Jitter          (DJ):    0.000ns
    Phase Error              (PE):    0.000ns

    Location             Delay type                Incr(ns)  Path(ns)    Netlist Resource(s)
  -------------------------------------------------------------------    -------------------
                         (clock clk_i rise edge)      0.000     0.000 r  
                         propagated clock network latency
                                                      1.784     1.784    
    RAMB36_X1Y3          RAMB36E1                     0.000     1.784 r  u_tcm/u_ram/ram_reg_0_3/CLKARDCLK
    RAMB36_X1Y3          RAMB36E1 (Prop_ramb36e1_CLKARDCLK_DOADO[1])
                                                      2.454     4.238 r  u_tcm/u_ram/ram_reg_0_3/DOADO[1]
                         net (fo=6, routed)           1.044     5.282    u_core/u_lsu/u_lsu_request/ram_read1_q[6]
    SLICE_X19Y18         LUT6 (Prop_lut6_I2_O)        0.124     5.406 f  u_core/u_lsu/u_lsu_request/result_wb_q[31]_i_16/O
                         net (fo=1, routed)           0.981     6.387    u_core/u_lsu/u_lsu_request/result_wb_q[31]_i_16_n_0
    SLICE_X15Y20         LUT6 (Prop_lut6_I3_O)        0.124     6.511 r  u_core/u_lsu/u_lsu_request/result_wb_q[31]_i_7/O
                         net (fo=29, routed)          0.838     7.350    u_core/u_lsu/u_lsu_request/result_wb_q[31]_i_7_n_0
    SLICE_X17Y15         LUT6 (Prop_lut6_I5_O)        0.124     7.474 r  u_core/u_lsu/u_lsu_request/result_wb_q[9]_i_2/O
                         net (fo=2, routed)           0.167     7.640    u_core/u_issue/u_pipe_ctrl/writeback_mem_value_w[9]
    SLICE_X17Y15         LUT6 (Prop_lut6_I5_O)        0.124     7.764 r  u_core/u_issue/u_pipe_ctrl/sub_res_w_carry__1_i_29/O
                         net (fo=2, routed)           0.307     8.071    u_core/u_issue/u_pipe_ctrl/sub_res_w_carry__1_i_29_n_0
    SLICE_X18Y15         LUT6 (Prop_lut6_I4_O)        0.124     8.195 r  u_core/u_issue/u_pipe_ctrl/sub_res_w_carry__1_i_14/O
                         net (fo=16, routed)          1.005     9.201    u_core/u_issue/u_pipe_ctrl/early_data_hold_q_reg[11][1]
    SLICE_X14Y18         LUT2 (Prop_lut2_I0_O)        0.124     9.325 r  u_core/u_issue/u_pipe_ctrl/branch_update_taken_q_i_128/O
                         net (fo=1, routed)           0.000     9.325    u_core/u_issue/u_pipe_ctrl/branch_update_taken_q_i_128_n_0
    SLICE_X14Y18         CARRY4 (Prop_carry4_S[1]_CO[3])
                                                      0.533     9.858 r  u_core/u_issue/u_pipe_ctrl/branch_update_taken_q_reg_i_115/CO[3]
                         net (fo=1, routed)           0.000     9.858    u_core/u_issue/u_pipe_ctrl/branch_update_taken_q_reg_i_115_n_0
    SLICE_X14Y19         CARRY4 (Prop_carry4_CI_CO[3])
                                                      0.117     9.975 r  u_core/u_issue/u_pipe_ctrl/branch_update_taken_q_reg_i_105/CO[3]
                         net (fo=1, routed)           0.000     9.975    u_core/u_issue/u_pipe_ctrl/branch_update_taken_q_reg_i_105_n_0
    SLICE_X14Y20         CARRY4 (Prop_carry4_CI_CO[3])
                                                      0.117    10.092 r  u_core/u_issue/u_pipe_ctrl/branch_update_taken_q_reg_i_87/CO[3]
                         net (fo=1, routed)           0.000    10.092    u_core/u_issue/u_pipe_ctrl/branch_update_taken_q_reg_i_87_n_0
    SLICE_X14Y21         CARRY4 (Prop_carry4_CI_CO[3])
                                                      0.117    10.209 r  u_core/u_issue/u_pipe_ctrl/branch_update_taken_q_reg_i_60/CO[3]
                         net (fo=1, routed)           0.000    10.209    u_core/u_issue/u_pipe_ctrl/branch_update_taken_q_reg_i_60_n_0
    SLICE_X14Y22         CARRY4 (Prop_carry4_CI_CO[3])
                                                      0.117    10.326 r  u_core/u_issue/u_pipe_ctrl/branch_update_taken_q_reg_i_31/CO[3]
                         net (fo=1, routed)           0.000    10.326    u_core/u_issue/u_pipe_ctrl/branch_update_taken_q_reg_i_31_n_0
    SLICE_X14Y23         CARRY4 (Prop_carry4_CI_O[3])
                                                      0.315    10.641 r  u_core/u_issue/u_pipe_ctrl/branch_update_taken_q_reg_i_12/O[3]
                         net (fo=1, routed)           0.586    11.226    u_core/u_issue/u_pipe_ctrl/u_exec/less_than_signed01_out[31]
    SLICE_X12Y23         LUT3 (Prop_lut3_I0_O)        0.307    11.533 r  u_core/u_issue/u_pipe_ctrl/branch_update_taken_q_i_7/O
                         net (fo=1, routed)           0.473    12.006    u_core/u_decode/branch_update_taken_q_i_2_0
    SLICE_X11Y21         LUT6 (Prop_lut6_I4_O)        0.124    12.130 r  u_core/u_decode/branch_update_taken_q_i_3/O
                         net (fo=1, routed)           0.264    12.394    u_core/u_decode/branch_update_taken_q_i_3_n_0
    SLICE_X11Y21         LUT6 (Prop_lut6_I0_O)        0.124    12.518 r  u_core/u_decode/branch_update_taken_q_i_2/O
                         net (fo=64, routed)          0.951    13.469    u_core/u_decode/branch_update_taken_q_i_2_n_0
    SLICE_X5Y22          LUT5 (Prop_lut5_I0_O)        0.124    13.593 r  u_core/u_decode/branch_pc_q[15]_i_2/O
                         net (fo=1, routed)           0.564    14.157    u_core/u_csr/branch_pc_q_reg[15]
    SLICE_X4Y21          LUT4 (Prop_lut4_I2_O)        0.124    14.281 r  u_core/u_csr/branch_pc_q[15]_i_1/O
                         net (fo=1, routed)           0.000    14.281    u_core/u_fetch/D[13]
    SLICE_X4Y21          FDCE                                         r  u_core/u_fetch/branch_pc_q_reg[15]/D
  -------------------------------------------------------------------    -------------------

                         (clock clk_i rise edge)     12.500    12.500 r  
                         propagated clock network latency
                                                      1.646    14.146    
                         clock pessimism              0.115    14.261    
                         clock uncertainty           -0.035    14.226    
    SLICE_X4Y21          FDCE (Setup_fdce_C_D)        0.079    14.305    u_core/u_fetch/branch_pc_q_reg[15]
  -------------------------------------------------------------------
                         required time                         14.305    
                         arrival time                         -14.281    
  -------------------------------------------------------------------
                         slack                                  0.023    

Slack (MET) :             0.024ns  (required time - arrival time)
  Source:                 u_tcm/u_ram/ram_reg_0_3/CLKARDCLK
                            (rising edge-triggered cell RAMB36E1 clocked by clk_i  {rise@0.000ns fall@6.250ns period=12.500ns})
  Destination:            u_core/u_exec/result_q_reg[14]/D
                            (rising edge-triggered cell FDCE clocked by clk_i  {rise@0.000ns fall@6.250ns period=12.500ns})
  Path Group:             clk_i
  Path Type:              Setup (Max at Slow Process Corner)
  Requirement:            12.500ns  (clk_i rise@12.500ns - clk_i rise@0.000ns)
  Data Path Delay:        12.356ns  (logic 3.818ns (30.899%)  route 8.538ns (69.101%))
  Logic Levels:           11  (LUT4=1 LUT5=2 LUT6=8)
  Clock Path Skew:        -0.115ns (DCD - SCD + CPR)
    Destination Clock Delay (DCD):    1.554ns = ( 14.054 - 12.500 ) 
    Source Clock Delay      (SCD):    1.784ns
    Clock Pessimism Removal (CPR):    0.115ns
  Clock Uncertainty:      0.035ns  ((TSJ^2 + TIJ^2)^1/2 + DJ) / 2 + PE
    Total System Jitter     (TSJ):    0.071ns
    Total Input Jitter      (TIJ):    0.000ns
    Discrete Jitter          (DJ):    0.000ns
    Phase Error              (PE):    0.000ns

    Location             Delay type                Incr(ns)  Path(ns)    Netlist Resource(s)
  -------------------------------------------------------------------    -------------------
                         (clock clk_i rise edge)      0.000     0.000 r  
                         propagated clock network latency
                                                      1.784     1.784    
    RAMB36_X1Y3          RAMB36E1                     0.000     1.784 r  u_tcm/u_ram/ram_reg_0_3/CLKARDCLK
    RAMB36_X1Y3          RAMB36E1 (Prop_ramb36e1_CLKARDCLK_DOADO[1])
                                                      2.454     4.238 r  u_tcm/u_ram/ram_reg_0_3/DOADO[1]
                         net (fo=6, routed)           1.044     5.282    u_core/u_lsu/u_lsu_request/ram_read1_q[6]
    SLICE_X19Y18         LUT6 (Prop_lut6_I2_O)        0.124     5.406 f  u_core/u_lsu/u_lsu_request/result_wb_q[31]_i_16/O
                         net (fo=1, routed)           0.981     6.387    u_core/u_lsu/u_lsu_request/result_wb_q[31]_i_16_n_0
    SLICE_X15Y20         LUT6 (Prop_lut6_I3_O)        0.124     6.511 r  u_core/u_lsu/u_lsu_request/result_wb_q[31]_i_7/O
                         net (fo=29, routed)          0.417     6.928    u_core/u_lsu/u_lsu_request/result_wb_q[31]_i_7_n_0
    SLICE_X16Y20         LUT6 (Prop_lut6_I0_O)        0.124     7.052 r  u_core/u_lsu/u_lsu_request/result_wb_q[31]_i_5/O
                         net (fo=32, routed)          0.806     7.858    u_core/u_issue/u_pipe_ctrl/result_wb_q_reg[31]_2
    SLICE_X11Y25         LUT6 (Prop_lut6_I4_O)        0.124     7.982 r  u_core/u_issue/u_pipe_ctrl/sub_res_w_carry__5_i_39/O
                         net (fo=2, routed)           0.444     8.426    u_core/u_issue/u_pipe_ctrl/sub_res_w_carry__5_i_39_n_0
    SLICE_X11Y23         LUT6 (Prop_lut6_I4_O)        0.124     8.550 r  u_core/u_issue/u_pipe_ctrl/sub_res_w_carry__5_i_17/O
                         net (fo=17, routed)          0.667     9.218    u_core/u_decode/lsu_opcode_ra_operand_w[25]
    SLICE_X17Y24         LUT6 (Prop_lut6_I4_O)        0.124     9.342 r  u_core/u_decode/sub_res_w_carry__5_i_3/O
                         net (fo=20, routed)          1.356    10.698    u_core/u_decode/alu_input_a_r[25]
    SLICE_X25Y26         LUT6 (Prop_lut6_I1_O)        0.124    10.822 r  u_core/u_decode/result_q[22]_i_13/O
                         net (fo=4, routed)           0.672    11.494    u_core/u_decode/result_q[22]_i_13_n_0
    SLICE_X27Y25         LUT4 (Prop_lut4_I2_O)        0.124    11.618 r  u_core/u_decode/result_q[14]_i_16/O
                         net (fo=1, routed)           0.663    12.281    u_core/u_decode/result_q[14]_i_16_n_0
    SLICE_X33Y26         LUT5 (Prop_lut5_I0_O)        0.124    12.405 r  u_core/u_decode/result_q[14]_i_8/O
                         net (fo=2, routed)           0.692    13.097    u_core/u_decode/result_q[14]_i_8_n_0
    SLICE_X31Y26         LUT5 (Prop_lut5_I0_O)        0.124    13.221 r  u_core/u_decode/result_q[14]_i_3/O
                         net (fo=1, routed)           0.796    14.017    u_core/u_decode/u_exec/u_alu/result_r__159[14]
    SLICE_X31Y25         LUT6 (Prop_lut6_I1_O)        0.124    14.141 r  u_core/u_decode/result_q[14]_i_1/O
                         net (fo=1, routed)           0.000    14.141    u_core/u_exec/result_q_reg[31]_1[14]
    SLICE_X31Y25         FDCE                                         r  u_core/u_exec/result_q_reg[14]/D
  -------------------------------------------------------------------    -------------------

                         (clock clk_i rise edge)     12.500    12.500 r  
                         propagated clock network latency
                                                      1.554    14.054    
                         clock pessimism              0.115    14.169    
                         clock uncertainty           -0.035    14.134    
    SLICE_X31Y25         FDCE (Setup_fdce_C_D)        0.031    14.165    u_core/u_exec/result_q_reg[14]
  -------------------------------------------------------------------
                         required time                         14.165    
                         arrival time                         -14.141    
  -------------------------------------------------------------------
                         slack                                  0.024    

Slack (MET) :             0.027ns  (required time - arrival time)
  Source:                 u_tcm/u_ram/ram_reg_0_3/CLKARDCLK
                            (rising edge-triggered cell RAMB36E1 clocked by clk_i  {rise@0.000ns fall@6.250ns period=12.500ns})
  Destination:            u_core/u_fetch/branch_pc_q_reg[22]/D
                            (rising edge-triggered cell FDCE clocked by clk_i  {rise@0.000ns fall@6.250ns period=12.500ns})
  Path Group:             clk_i
  Path Type:              Setup (Max at Slow Process Corner)
  Requirement:            12.500ns  (clk_i rise@12.500ns - clk_i rise@0.000ns)
  Data Path Delay:        12.363ns  (logic 5.317ns (43.007%)  route 7.046ns (56.993%))
  Logic Levels:           17  (CARRY4=6 LUT2=1 LUT3=1 LUT4=2 LUT6=7)
  Clock Path Skew:        -0.105ns (DCD - SCD + CPR)
    Destination Clock Delay (DCD):    1.564ns = ( 14.064 - 12.500 ) 
    Source Clock Delay      (SCD):    1.784ns
    Clock Pessimism Removal (CPR):    0.115ns
  Clock Uncertainty:      0.035ns  ((TSJ^2 + TIJ^2)^1/2 + DJ) / 2 + PE
    Total System Jitter     (TSJ):    0.071ns
    Total Input Jitter      (TIJ):    0.000ns
    Discrete Jitter          (DJ):    0.000ns
    Phase Error              (PE):    0.000ns

    Location             Delay type                Incr(ns)  Path(ns)    Netlist Resource(s)
  -------------------------------------------------------------------    -------------------
                         (clock clk_i rise edge)      0.000     0.000 r  
                         propagated clock network latency
                                                      1.784     1.784    
    RAMB36_X1Y3          RAMB36E1                     0.000     1.784 r  u_tcm/u_ram/ram_reg_0_3/CLKARDCLK
    RAMB36_X1Y3          RAMB36E1 (Prop_ramb36e1_CLKARDCLK_DOADO[1])
                                                      2.454     4.238 r  u_tcm/u_ram/ram_reg_0_3/DOADO[1]
                         net (fo=6, routed)           1.044     5.282    u_core/u_lsu/u_lsu_request/ram_read1_q[6]
    SLICE_X19Y18         LUT6 (Prop_lut6_I2_O)        0.124     5.406 f  u_core/u_lsu/u_lsu_request/result_wb_q[31]_i_16/O
                         net (fo=1, routed)           0.981     6.387    u_core/u_lsu/u_lsu_request/result_wb_q[31]_i_16_n_0
    SLICE_X15Y20         LUT6 (Prop_lut6_I3_O)        0.124     6.511 r  u_core/u_lsu/u_lsu_request/result_wb_q[31]_i_7/O
                         net (fo=29, routed)          0.838     7.350    u_core/u_lsu/u_lsu_request/result_wb_q[31]_i_7_n_0
    SLICE_X17Y15         LUT6 (Prop_lut6_I5_O)        0.124     7.474 r  u_core/u_lsu/u_lsu_request/result_wb_q[9]_i_2/O
                         net (fo=2, routed)           0.167     7.640    u_core/u_issue/u_pipe_ctrl/writeback_mem_value_w[9]
    SLICE_X17Y15         LUT6 (Prop_lut6_I5_O)        0.124     7.764 r  u_core/u_issue/u_pipe_ctrl/sub_res_w_carry__1_i_29/O
                         net (fo=2, routed)           0.307     8.071    u_core/u_issue/u_pipe_ctrl/sub_res_w_carry__1_i_29_n_0
    SLICE_X18Y15         LUT6 (Prop_lut6_I4_O)        0.124     8.195 r  u_core/u_issue/u_pipe_ctrl/sub_res_w_carry__1_i_14/O
                         net (fo=16, routed)          1.005     9.201    u_core/u_issue/u_pipe_ctrl/early_data_hold_q_reg[11][1]
    SLICE_X14Y18         LUT2 (Prop_lut2_I0_O)        0.124     9.325 r  u_core/u_issue/u_pipe_ctrl/branch_update_taken_q_i_128/O
                         net (fo=1, routed)           0.000     9.325    u_core/u_issue/u_pipe_ctrl/branch_update_taken_q_i_128_n_0
    SLICE_X14Y18         CARRY4 (Prop_carry4_S[1]_CO[3])
                                                      0.533     9.858 r  u_core/u_issue/u_pipe_ctrl/branch_update_taken_q_reg_i_115/CO[3]
                         net (fo=1, routed)           0.000     9.858    u_core/u_issue/u_pipe_ctrl/branch_update_taken_q_reg_i_115_n_0
    SLICE_X14Y19         CARRY4 (Prop_carry4_CI_CO[3])
                                                      0.117     9.975 r  u_core/u_issue/u_pipe_ctrl/branch_update_taken_q_reg_i_105/CO[3]
                         net (fo=1, routed)           0.000     9.975    u_core/u_issue/u_pipe_ctrl/branch_update_taken_q_reg_i_105_n_0
    SLICE_X14Y20         CARRY4 (Prop_carry4_CI_CO[3])
                                                      0.117    10.092 r  u_core/u_issue/u_pipe_ctrl/branch_update_taken_q_reg_i_87/CO[3]
                         net (fo=1, routed)           0.000    10.092    u_core/u_issue/u_pipe_ctrl/branch_update_taken_q_reg_i_87_n_0
    SLICE_X14Y21         CARRY4 (Prop_carry4_CI_CO[3])
                                                      0.117    10.209 r  u_core/u_issue/u_pipe_ctrl/branch_update_taken_q_reg_i_60/CO[3]
                         net (fo=1, routed)           0.000    10.209    u_core/u_issue/u_pipe_ctrl/branch_update_taken_q_reg_i_60_n_0
    SLICE_X14Y22         CARRY4 (Prop_carry4_CI_CO[3])
                                                      0.117    10.326 r  u_core/u_issue/u_pipe_ctrl/branch_update_taken_q_reg_i_31/CO[3]
                         net (fo=1, routed)           0.000    10.326    u_core/u_issue/u_pipe_ctrl/branch_update_taken_q_reg_i_31_n_0
    SLICE_X14Y23         CARRY4 (Prop_carry4_CI_O[3])
                                                      0.315    10.641 r  u_core/u_issue/u_pipe_ctrl/branch_update_taken_q_reg_i_12/O[3]
                         net (fo=1, routed)           0.586    11.226    u_core/u_issue/u_pipe_ctrl/u_exec/less_than_signed01_out[31]
    SLICE_X12Y23         LUT3 (Prop_lut3_I0_O)        0.307    11.533 r  u_core/u_issue/u_pipe_ctrl/branch_update_taken_q_i_7/O
                         net (fo=1, routed)           0.473    12.006    u_core/u_decode/branch_update_taken_q_i_2_0
    SLICE_X11Y21         LUT6 (Prop_lut6_I4_O)        0.124    12.130 r  u_core/u_decode/branch_update_taken_q_i_3/O
                         net (fo=1, routed)           0.264    12.394    u_core/u_decode/branch_update_taken_q_i_3_n_0
    SLICE_X11Y21         LUT6 (Prop_lut6_I0_O)        0.124    12.518 r  u_core/u_decode/branch_update_taken_q_i_2/O
                         net (fo=64, routed)          0.881    13.399    u_core/u_decode/branch_update_taken_q_i_2_n_0
    SLICE_X10Y25         LUT4 (Prop_lut4_I0_O)        0.124    13.523 r  u_core/u_decode/branch_pc_q[22]_i_3/O
                         net (fo=1, routed)           0.500    14.024    u_core/u_csr/branch_pc_q_reg[22]_0
    SLICE_X11Y25         LUT4 (Prop_lut4_I3_O)        0.124    14.148 r  u_core/u_csr/branch_pc_q[22]_i_1/O
                         net (fo=1, routed)           0.000    14.148    u_core/u_fetch/D[20]
    SLICE_X11Y25         FDCE                                         r  u_core/u_fetch/branch_pc_q_reg[22]/D
  -------------------------------------------------------------------    -------------------

                         (clock clk_i rise edge)     12.500    12.500 r  
                         propagated clock network latency
                                                      1.564    14.064    
                         clock pessimism              0.115    14.179    
                         clock uncertainty           -0.035    14.144    
    SLICE_X11Y25         FDCE (Setup_fdce_C_D)        0.031    14.175    u_core/u_fetch/branch_pc_q_reg[22]
  -------------------------------------------------------------------
                         required time                         14.175    
                         arrival time                         -14.148    
  -------------------------------------------------------------------
                         slack                                  0.027    

Slack (MET) :             0.037ns  (required time - arrival time)
  Source:                 u_tcm/u_ram/ram_reg_0_3/CLKARDCLK
                            (rising edge-triggered cell RAMB36E1 clocked by clk_i  {rise@0.000ns fall@6.250ns period=12.500ns})
  Destination:            u_core/u_fetch/branch_pc_q_reg[19]/D
                            (rising edge-triggered cell FDCE clocked by clk_i  {rise@0.000ns fall@6.250ns period=12.500ns})
  Path Group:             clk_i
  Path Type:              Setup (Max at Slow Process Corner)
  Requirement:            12.500ns  (clk_i rise@12.500ns - clk_i rise@0.000ns)
  Data Path Delay:        12.436ns  (logic 5.317ns (42.755%)  route 7.119ns (57.245%))
  Logic Levels:           17  (CARRY4=6 LUT2=1 LUT3=1 LUT5=1 LUT6=8)
  Clock Path Skew:        -0.022ns (DCD - SCD + CPR)
    Destination Clock Delay (DCD):    1.647ns = ( 14.147 - 12.500 ) 
    Source Clock Delay      (SCD):    1.784ns
    Clock Pessimism Removal (CPR):    0.115ns
  Clock Uncertainty:      0.035ns  ((TSJ^2 + TIJ^2)^1/2 + DJ) / 2 + PE
    Total System Jitter     (TSJ):    0.071ns
    Total Input Jitter      (TIJ):    0.000ns
    Discrete Jitter          (DJ):    0.000ns
    Phase Error              (PE):    0.000ns

    Location             Delay type                Incr(ns)  Path(ns)    Netlist Resource(s)
  -------------------------------------------------------------------    -------------------
                         (clock clk_i rise edge)      0.000     0.000 r  
                         propagated clock network latency
                                                      1.784     1.784    
    RAMB36_X1Y3          RAMB36E1                     0.000     1.784 r  u_tcm/u_ram/ram_reg_0_3/CLKARDCLK
    RAMB36_X1Y3          RAMB36E1 (Prop_ramb36e1_CLKARDCLK_DOADO[1])
                                                      2.454     4.238 r  u_tcm/u_ram/ram_reg_0_3/DOADO[1]
                         net (fo=6, routed)           1.044     5.282    u_core/u_lsu/u_lsu_request/ram_read1_q[6]
    SLICE_X19Y18         LUT6 (Prop_lut6_I2_O)        0.124     5.406 f  u_core/u_lsu/u_lsu_request/result_wb_q[31]_i_16/O
                         net (fo=1, routed)           0.981     6.387    u_core/u_lsu/u_lsu_request/result_wb_q[31]_i_16_n_0
    SLICE_X15Y20         LUT6 (Prop_lut6_I3_O)        0.124     6.511 r  u_core/u_lsu/u_lsu_request/result_wb_q[31]_i_7/O
                         net (fo=29, routed)          0.838     7.350    u_core/u_lsu/u_lsu_request/result_wb_q[31]_i_7_n_0
    SLICE_X17Y15         LUT6 (Prop_lut6_I5_O)        0.124     7.474 r  u_core/u_lsu/u_lsu_request/result_wb_q[9]_i_2/O
                         net (fo=2, routed)           0.167     7.640    u_core/u_issue/u_pipe_ctrl/writeback_mem_value_w[9]
    SLICE_X17Y15         LUT6 (Prop_lut6_I5_O)        0.124     7.764 r  u_core/u_issue/u_pipe_ctrl/sub_res_w_carry__1_i_29/O
                         net (fo=2, routed)           0.307     8.071    u_core/u_issue/u_pipe_ctrl/sub_res_w_carry__1_i_29_n_0
    SLICE_X18Y15         LUT6 (Prop_lut6_I4_O)        0.124     8.195 r  u_core/u_issue/u_pipe_ctrl/sub_res_w_carry__1_i_14/O
                         net (fo=16, routed)          1.005     9.201    u_core/u_issue/u_pipe_ctrl/early_data_hold_q_reg[11][1]
    SLICE_X14Y18         LUT2 (Prop_lut2_I0_O)        0.124     9.325 r  u_core/u_issue/u_pipe_ctrl/branch_update_taken_q_i_128/O
                         net (fo=1, routed)           0.000     9.325    u_core/u_issue/u_pipe_ctrl/branch_update_taken_q_i_128_n_0
    SLICE_X14Y18         CARRY4 (Prop_carry4_S[1]_CO[3])
                                                      0.533     9.858 r  u_core/u_issue/u_pipe_ctrl/branch_update_taken_q_reg_i_115/CO[3]
                         net (fo=1, routed)           0.000     9.858    u_core/u_issue/u_pipe_ctrl/branch_update_taken_q_reg_i_115_n_0
    SLICE_X14Y19         CARRY4 (Prop_carry4_CI_CO[3])
                                                      0.117     9.975 r  u_core/u_issue/u_pipe_ctrl/branch_update_taken_q_reg_i_105/CO[3]
                         net (fo=1, routed)           0.000     9.975    u_core/u_issue/u_pipe_ctrl/branch_update_taken_q_reg_i_105_n_0
    SLICE_X14Y20         CARRY4 (Prop_carry4_CI_CO[3])
                                                      0.117    10.092 r  u_core/u_issue/u_pipe_ctrl/branch_update_taken_q_reg_i_87/CO[3]
                         net (fo=1, routed)           0.000    10.092    u_core/u_issue/u_pipe_ctrl/branch_update_taken_q_reg_i_87_n_0
    SLICE_X14Y21         CARRY4 (Prop_carry4_CI_CO[3])
                                                      0.117    10.209 r  u_core/u_issue/u_pipe_ctrl/branch_update_taken_q_reg_i_60/CO[3]
                         net (fo=1, routed)           0.000    10.209    u_core/u_issue/u_pipe_ctrl/branch_update_taken_q_reg_i_60_n_0
    SLICE_X14Y22         CARRY4 (Prop_carry4_CI_CO[3])
                                                      0.117    10.326 r  u_core/u_issue/u_pipe_ctrl/branch_update_taken_q_reg_i_31/CO[3]
                         net (fo=1, routed)           0.000    10.326    u_core/u_issue/u_pipe_ctrl/branch_update_taken_q_reg_i_31_n_0
    SLICE_X14Y23         CARRY4 (Prop_carry4_CI_O[3])
                                                      0.315    10.641 r  u_core/u_issue/u_pipe_ctrl/branch_update_taken_q_reg_i_12/O[3]
                         net (fo=1, routed)           0.586    11.226    u_core/u_issue/u_pipe_ctrl/u_exec/less_than_signed01_out[31]
    SLICE_X12Y23         LUT3 (Prop_lut3_I0_O)        0.307    11.533 r  u_core/u_issue/u_pipe_ctrl/branch_update_taken_q_i_7/O
                         net (fo=1, routed)           0.473    12.006    u_core/u_decode/branch_update_taken_q_i_2_0
    SLICE_X11Y21         LUT6 (Prop_lut6_I4_O)        0.124    12.130 r  u_core/u_decode/branch_update_taken_q_i_3/O
                         net (fo=1, routed)           0.264    12.394    u_core/u_decode/branch_update_taken_q_i_3_n_0
    SLICE_X11Y21         LUT6 (Prop_lut6_I0_O)        0.124    12.518 r  u_core/u_decode/branch_update_taken_q_i_2/O
                         net (fo=64, routed)          0.689    13.207    u_core/u_decode/branch_update_taken_q_i_2_n_0
    SLICE_X3Y21          LUT5 (Prop_lut5_I0_O)        0.124    13.331 r  u_core/u_decode/branch_pc_q[19]_i_2/O
                         net (fo=1, routed)           0.765    14.096    u_core/u_csr/branch_pc_q_reg[19]
    SLICE_X5Y20          LUT6 (Prop_lut6_I3_O)        0.124    14.220 r  u_core/u_csr/branch_pc_q[19]_i_1_comp/O
                         net (fo=1, routed)           0.000    14.220    u_core/u_fetch/D[17]
    SLICE_X5Y20          FDCE                                         r  u_core/u_fetch/branch_pc_q_reg[19]/D
  -------------------------------------------------------------------    -------------------

                         (clock clk_i rise edge)     12.500    12.500 r  
                         propagated clock network latency
                                                      1.647    14.147    
                         clock pessimism              0.115    14.262    
                         clock uncertainty           -0.035    14.227    
    SLICE_X5Y20          FDCE (Setup_fdce_C_D)        0.031    14.258    u_core/u_fetch/branch_pc_q_reg[19]
  -------------------------------------------------------------------
                         required time                         14.258    
                         arrival time                         -14.220    
  -------------------------------------------------------------------
                         slack                                  0.037    

Slack (MET) :             0.048ns  (required time - arrival time)
  Source:                 u_core/u_lsu/mem_unaligned_e2_q_reg/C
                            (rising edge-triggered cell FDCE clocked by clk_i  {rise@0.000ns fall@6.250ns period=12.500ns})
  Destination:            u_tcm/u_ram/ram_reg_1_2/ADDRARDADDR[4]
                            (rising edge-triggered cell RAMB36E1 clocked by clk_i  {rise@0.000ns fall@6.250ns period=12.500ns})
  Path Group:             clk_i
  Path Type:              Setup (Max at Slow Process Corner)
  Requirement:            12.500ns  (clk_i rise@12.500ns - clk_i rise@0.000ns)
  Data Path Delay:        11.735ns  (logic 2.968ns (25.292%)  route 8.767ns (74.708%))
  Logic Levels:           14  (CARRY4=3 LUT2=1 LUT4=3 LUT5=3 LUT6=4)
  Clock Path Skew:        -0.116ns (DCD - SCD + CPR)
    Destination Clock Delay (DCD):    1.522ns = ( 14.022 - 12.500 ) 
    Source Clock Delay      (SCD):    1.753ns
    Clock Pessimism Removal (CPR):    0.115ns
  Clock Uncertainty:      0.035ns  ((TSJ^2 + TIJ^2)^1/2 + DJ) / 2 + PE
    Total System Jitter     (TSJ):    0.071ns
    Total Input Jitter      (TIJ):    0.000ns
    Discrete Jitter          (DJ):    0.000ns
    Phase Error              (PE):    0.000ns

    Location             Delay type                Incr(ns)  Path(ns)    Netlist Resource(s)
  -------------------------------------------------------------------    -------------------
                         (clock clk_i rise edge)      0.000     0.000 r  
                         propagated clock network latency
                                                      1.753     1.753    
    SLICE_X19Y11         FDCE                         0.000     1.753 r  u_core/u_lsu/mem_unaligned_e2_q_reg/C
    SLICE_X19Y11         FDCE (Prop_fdce_C_Q)         0.456     2.209 r  u_core/u_lsu/mem_unaligned_e2_q_reg/Q
                         net (fo=15, routed)          0.798     3.007    u_dmux/mem_unaligned_e2_q
    SLICE_X13Y13         LUT5 (Prop_lut5_I4_O)        0.124     3.131 f  u_dmux/result_q[31]_i_10/O
                         net (fo=2, routed)           0.162     3.293    u_core/u_issue/u_pipe_ctrl/csr_pending_q_reg_0
    SLICE_X13Y13         LUT6 (Prop_lut6_I4_O)        0.124     3.417 r  u_core/u_issue/u_pipe_ctrl/result_q[31]_i_3/O
                         net (fo=453, routed)         0.558     3.975    u_core/u_issue/u_pipe_ctrl/valid_q_reg
    SLICE_X12Y12         LUT4 (Prop_lut4_I2_O)        0.124     4.099 r  u_core/u_issue/u_pipe_ctrl/reg_loop1[0].reg_bit1a_i_5/O
                         net (fo=408, routed)         0.908     5.007    u_core/u_issue/u_pipe_ctrl/pipe_rd_wb_w[3]
    SLICE_X12Y12         LUT5 (Prop_lut5_I0_O)        0.124     5.131 r  u_core/u_issue/u_pipe_ctrl/sub_res_w_carry_i_60/O
                         net (fo=13, routed)          0.361     5.492    u_core/u_issue/u_pipe_ctrl/sub_res_w_carry_i_60_n_0
    SLICE_X12Y11         LUT4 (Prop_lut4_I0_O)        0.124     5.616 r  u_core/u_issue/u_pipe_ctrl/ram_reg_0_0_i_70/O
                         net (fo=32, routed)          0.962     6.579    u_core/u_issue/u_pipe_ctrl/ram_reg_0_0_i_70_n_0
    SLICE_X7Y14          LUT6 (Prop_lut6_I1_O)        0.124     6.703 r  u_core/u_issue/u_pipe_ctrl/ram_reg_0_0_i_40/O
                         net (fo=3, routed)           0.528     7.231    u_core/u_issue/u_pipe_ctrl/early_base_value_w[13]
    SLICE_X6Y14          LUT2 (Prop_lut2_I1_O)        0.124     7.355 r  u_core/u_issue/u_pipe_ctrl/ram_reg_0_0_i_45/O
                         net (fo=1, routed)           0.000     7.355    u_core/u_issue/u_pipe_ctrl/ram_reg_0_0_i_45_n_0
    SLICE_X6Y14          CARRY4 (Prop_carry4_S[1]_CO[3])
                                                      0.533     7.888 r  u_core/u_issue/u_pipe_ctrl/ram_reg_0_0_i_18/CO[3]
                         net (fo=1, routed)           0.000     7.888    u_core/u_issue/u_pipe_ctrl/ram_reg_0_0_i_18_n_0
    SLICE_X6Y15          CARRY4 (Prop_carry4_CI_CO[3])
                                                      0.117     8.005 r  u_core/u_issue/u_pipe_ctrl/early_rd_q_reg[4]_i_19/CO[3]
                         net (fo=1, routed)           0.000     8.005    u_core/u_issue/u_pipe_ctrl/early_rd_q_reg[4]_i_19_n_0
    SLICE_X6Y16          CARRY4 (Prop_carry4_CI_O[3])
                                                      0.315     8.320 f  u_core/u_issue/u_pipe_ctrl/early_rd_q_reg[4]_i_16/O[3]
                         net (fo=1, routed)           1.048     9.368    u_core/u_lsu/early_rd_q[4]_i_3[2]
    SLICE_X7Y16          LUT6 (Prop_lut6_I3_O)        0.307     9.675 f  u_core/u_lsu/early_rd_q[4]_i_10/O
                         net (fo=1, routed)           0.821    10.496    u_core/u_decode/early_rd_q_reg[0]
    SLICE_X9Y14          LUT6 (Prop_lut6_I0_O)        0.124    10.620 r  u_core/u_decode/early_rd_q[4]_i_3/O
                         net (fo=4, routed)           0.320    10.940    u_core/u_decode/buffer_payload_q_reg[46]_0
    SLICE_X9Y15          LUT4 (Prop_lut4_I0_O)        0.124    11.064 r  u_core/u_decode/ram_reg_0_0_i_19/O
                         net (fo=14, routed)          0.511    11.576    u_core/u_issue/u_pipe_ctrl/ram_reg_0_0_2
    SLICE_X11Y15         LUT5 (Prop_lut5_I1_O)        0.124    11.700 r  u_core/u_issue/u_pipe_ctrl/ram_reg_0_0_i_11/O
                         net (fo=16, routed)          1.788    13.488    u_tcm/u_ram/ADDRARDADDR[3]
    RAMB36_X2Y4          RAMB36E1                                     r  u_tcm/u_ram/ram_reg_1_2/ADDRARDADDR[4]
  -------------------------------------------------------------------    -------------------

                         (clock clk_i rise edge)     12.500    12.500 r  
                         propagated clock network latency
                                                      1.522    14.022    
                         clock pessimism              0.115    14.137    
                         clock uncertainty           -0.035    14.102    
    RAMB36_X2Y4          RAMB36E1 (Setup_ramb36e1_CLKARDCLK_ADDRARDADDR[4])
                                                     -0.566    13.536    u_tcm/u_ram/ram_reg_1_2
  -------------------------------------------------------------------
                         required time                         13.536    
                         arrival time                         -13.488    
  -------------------------------------------------------------------
                         slack                                  0.048    

Slack (MET) :             0.079ns  (required time - arrival time)
  Source:                 u_tcm/u_ram/ram_reg_0_3/CLKARDCLK
                            (rising edge-triggered cell RAMB36E1 clocked by clk_i  {rise@0.000ns fall@6.250ns period=12.500ns})
  Destination:            u_core/u_exec/result_q_reg[8]/D
                            (rising edge-triggered cell FDCE clocked by clk_i  {rise@0.000ns fall@6.250ns period=12.500ns})
  Path Group:             clk_i
  Path Type:              Setup (Max at Slow Process Corner)
  Requirement:            12.500ns  (clk_i rise@12.500ns - clk_i rise@0.000ns)
  Data Path Delay:        12.281ns  (logic 3.818ns (31.089%)  route 8.463ns (68.911%))
  Logic Levels:           11  (LUT2=1 LUT3=1 LUT5=2 LUT6=7)
  Clock Path Skew:        -0.181ns (DCD - SCD + CPR)
    Destination Clock Delay (DCD):    1.488ns = ( 13.988 - 12.500 ) 
    Source Clock Delay      (SCD):    1.784ns
    Clock Pessimism Removal (CPR):    0.115ns
  Clock Uncertainty:      0.035ns  ((TSJ^2 + TIJ^2)^1/2 + DJ) / 2 + PE
    Total System Jitter     (TSJ):    0.071ns
    Total Input Jitter      (TIJ):    0.000ns
    Discrete Jitter          (DJ):    0.000ns
    Phase Error              (PE):    0.000ns

    Location             Delay type                Incr(ns)  Path(ns)    Netlist Resource(s)
  -------------------------------------------------------------------    -------------------
                         (clock clk_i rise edge)      0.000     0.000 r  
                         propagated clock network latency
                                                      1.784     1.784    
    RAMB36_X1Y3          RAMB36E1                     0.000     1.784 r  u_tcm/u_ram/ram_reg_0_3/CLKARDCLK
    RAMB36_X1Y3          RAMB36E1 (Prop_ramb36e1_CLKARDCLK_DOADO[1])
                                                      2.454     4.238 r  u_tcm/u_ram/ram_reg_0_3/DOADO[1]
                         net (fo=6, routed)           1.044     5.282    u_core/u_lsu/u_lsu_request/ram_read1_q[6]
    SLICE_X19Y18         LUT6 (Prop_lut6_I2_O)        0.124     5.406 f  u_core/u_lsu/u_lsu_request/result_wb_q[31]_i_16/O
                         net (fo=1, routed)           0.981     6.387    u_core/u_lsu/u_lsu_request/result_wb_q[31]_i_16_n_0
    SLICE_X15Y20         LUT6 (Prop_lut6_I3_O)        0.124     6.511 r  u_core/u_lsu/u_lsu_request/result_wb_q[31]_i_7/O
                         net (fo=29, routed)          0.785     7.297    u_core/u_lsu/u_lsu_request/result_wb_q[31]_i_7_n_0
    SLICE_X17Y21         LUT5 (Prop_lut5_I3_O)        0.124     7.421 r  u_core/u_lsu/u_lsu_request/sub_res_w_carry__6_i_49/O
                         net (fo=1, routed)           0.571     7.992    u_core/u_issue/u_pipe_ctrl/sub_res_w_carry__6_i_38
    SLICE_X17Y22         LUT5 (Prop_lut5_I2_O)        0.124     8.116 r  u_core/u_issue/u_pipe_ctrl/sub_res_w_carry__6_i_47/O
                         net (fo=1, routed)           0.505     8.621    u_core/u_decode/sub_res_w_carry__6_i_17_1
    SLICE_X22Y21         LUT6 (Prop_lut6_I3_O)        0.124     8.745 r  u_core/u_decode/sub_res_w_carry__6_i_38/O
                         net (fo=1, routed)           0.791     9.537    u_core/u_decode/sub_res_w_carry__6_i_38_n_0
    SLICE_X22Y26         LUT6 (Prop_lut6_I2_O)        0.124     9.661 r  u_core/u_decode/sub_res_w_carry__6_i_17/O
                         net (fo=14, routed)          0.774    10.435    u_core/u_decode/u_exec/alu_input_a_r__0[31]
    SLICE_X28Y29         LUT3 (Prop_lut3_I2_O)        0.124    10.559 r  u_core/u_decode/result_q[30]_i_15/O
                         net (fo=17, routed)          0.478    11.037    u_core/u_decode/result_q[30]_i_15_n_0
    SLICE_X29Y28         LUT2 (Prop_lut2_I0_O)        0.124    11.161 r  u_core/u_decode/result_q[21]_i_12/O
                         net (fo=14, routed)          0.883    12.043    u_core/u_decode/result_q[21]_i_12_n_0
    SLICE_X29Y19         LUT6 (Prop_lut6_I0_O)        0.124    12.167 r  u_core/u_decode/result_q[8]_i_10/O
                         net (fo=2, routed)           0.818    12.985    u_core/u_decode/result_q[8]_i_10_n_0
    SLICE_X29Y17         LUT6 (Prop_lut6_I2_O)        0.124    13.109 r  u_core/u_decode/result_q[8]_i_2/O
                         net (fo=1, routed)           0.832    13.941    u_core/u_decode/result_q[8]_i_2_n_0
    SLICE_X32Y16         LUT6 (Prop_lut6_I0_O)        0.124    14.065 r  u_core/u_decode/result_q[8]_i_1/O
                         net (fo=1, routed)           0.000    14.065    u_core/u_exec/result_q_reg[31]_1[8]
    SLICE_X32Y16         FDCE                                         r  u_core/u_exec/result_q_reg[8]/D
  -------------------------------------------------------------------    -------------------

                         (clock clk_i rise edge)     12.500    12.500 r  
                         propagated clock network latency
                                                      1.488    13.988    
                         clock pessimism              0.115    14.103    
                         clock uncertainty           -0.035    14.068    
    SLICE_X32Y16         FDCE (Setup_fdce_C_D)        0.077    14.145    u_core/u_exec/result_q_reg[8]
  -------------------------------------------------------------------
                         required time                         14.145    
                         arrival time                         -14.065    
  -------------------------------------------------------------------
                         slack                                  0.079    

Slack (MET) :             0.098ns  (required time - arrival time)
  Source:                 u_tcm/u_ram/ram_reg_2_0/CLKARDCLK
                            (rising edge-triggered cell RAMB36E1 clocked by clk_i  {rise@0.000ns fall@6.250ns period=12.500ns})
  Destination:            u_core/u_exec/result_q_reg[28]/D
                            (rising edge-triggered cell FDCE clocked by clk_i  {rise@0.000ns fall@6.250ns period=12.500ns})
  Path Group:             clk_i
  Path Type:              Setup (Max at Slow Process Corner)
  Requirement:            12.500ns  (clk_i rise@12.500ns - clk_i rise@0.000ns)
  Data Path Delay:        12.321ns  (logic 4.048ns (32.854%)  route 8.273ns (67.146%))
  Logic Levels:           11  (LUT2=2 LUT4=1 LUT6=8)
  Clock Path Skew:        -0.122ns (DCD - SCD + CPR)
    Destination Clock Delay (DCD):    1.558ns = ( 14.058 - 12.500 ) 
    Source Clock Delay      (SCD):    1.795ns
    Clock Pessimism Removal (CPR):    0.115ns
  Clock Uncertainty:      0.035ns  ((TSJ^2 + TIJ^2)^1/2 + DJ) / 2 + PE
    Total System Jitter     (TSJ):    0.071ns
    Total Input Jitter      (TIJ):    0.000ns
    Discrete Jitter          (DJ):    0.000ns
    Phase Error              (PE):    0.000ns

    Location             Delay type                Incr(ns)  Path(ns)    Netlist Resource(s)
  -------------------------------------------------------------------    -------------------
                         (clock clk_i rise edge)      0.000     0.000 r  
                         propagated clock network latency
                                                      1.795     1.795    
    RAMB36_X1Y0          RAMB36E1                     0.000     1.795 r  u_tcm/u_ram/ram_reg_2_0/CLKARDCLK
    RAMB36_X1Y0          RAMB36E1 (Prop_ramb36e1_CLKARDCLK_DOADO[0])
                                                      2.454     4.249 f  u_tcm/u_ram/ram_reg_2_0/DOADO[0]
                         net (fo=6, routed)           1.540     5.790    u_core/u_lsu/u_lsu_request/ram_read1_q[15]
    SLICE_X13Y11         LUT6 (Prop_lut6_I2_O)        0.124     5.914 f  u_core/u_lsu/u_lsu_request/result_wb_q[0]_i_8/O
                         net (fo=1, routed)           0.520     6.434    u_core/u_lsu/u_lsu_request/result_wb_q[0]_i_8_n_0
    SLICE_X12Y11         LUT6 (Prop_lut6_I5_O)        0.124     6.558 f  u_core/u_lsu/u_lsu_request/result_wb_q[0]_i_2/O
                         net (fo=2, routed)           0.303     6.861    u_core/u_issue/u_pipe_ctrl/writeback_mem_value_w[0]
    SLICE_X15Y11         LUT6 (Prop_lut6_I5_O)        0.124     6.985 f  u_core/u_issue/u_pipe_ctrl/sub_res_w_carry_i_43/O
                         net (fo=3, routed)           0.661     7.647    u_core/u_issue/u_pipe_ctrl/sub_res_w_carry_i_43_n_0
    SLICE_X19Y11         LUT6 (Prop_lut6_I2_O)        0.124     7.771 f  u_core/u_issue/u_pipe_ctrl/mem_data_wr_q[24]_i_2/O
                         net (fo=15, routed)          0.656     8.427    u_core/u_decode/lsu_opcode_rb_operand_w[0]
    SLICE_X21Y16         LUT6 (Prop_lut6_I1_O)        0.124     8.551 f  u_core/u_decode/sub_res_w_carry_i_22/O
                         net (fo=43, routed)          0.512     9.063    u_core/u_decode/u_exec/alu_input_b_r__0[0]
    SLICE_X21Y18         LUT2 (Prop_lut2_I1_O)        0.124     9.187 f  u_core/u_decode/result_q[8]_i_13/O
                         net (fo=30, routed)          1.355    10.542    u_core/u_decode/result_q[8]_i_13_n_0
    SLICE_X21Y25         LUT2 (Prop_lut2_I1_O)        0.152    10.694 r  u_core/u_decode/result_q[28]_i_26/O
                         net (fo=1, routed)           0.326    11.020    u_core/u_decode/result_q[28]_i_26_n_0
    SLICE_X19Y25         LUT6 (Prop_lut6_I5_O)        0.326    11.346 r  u_core/u_decode/result_q[28]_i_24/O
                         net (fo=2, routed)           0.927    12.273    u_core/u_decode/result_q[28]_i_24_n_0
    SLICE_X27Y22         LUT4 (Prop_lut4_I2_O)        0.124    12.397 r  u_core/u_decode/result_q[28]_i_12/O
                         net (fo=1, routed)           0.639    13.037    u_core/u_decode/result_q[28]_i_12_n_0
    SLICE_X31Y22         LUT6 (Prop_lut6_I3_O)        0.124    13.161 r  u_core/u_decode/result_q[28]_i_4/O
                         net (fo=1, routed)           0.832    13.993    u_core/u_decode/result_q[28]_i_4_n_0
    SLICE_X26Y22         LUT6 (Prop_lut6_I2_O)        0.124    14.117 r  u_core/u_decode/result_q[28]_i_1/O
                         net (fo=1, routed)           0.000    14.117    u_core/u_exec/result_q_reg[31]_1[28]
    SLICE_X26Y22         FDCE                                         r  u_core/u_exec/result_q_reg[28]/D
  -------------------------------------------------------------------    -------------------

                         (clock clk_i rise edge)     12.500    12.500 r  
                         propagated clock network latency
                                                      1.558    14.058    
                         clock pessimism              0.115    14.173    
                         clock uncertainty           -0.035    14.138    
    SLICE_X26Y22         FDCE (Setup_fdce_C_D)        0.077    14.215    u_core/u_exec/result_q_reg[28]
  -------------------------------------------------------------------
                         required time                         14.215    
                         arrival time                         -14.117    
  -------------------------------------------------------------------
                         slack                                  0.098    

Slack (MET) :             0.101ns  (required time - arrival time)
  Source:                 u_tcm/u_ram/ram_reg_0_3/CLKARDCLK
                            (rising edge-triggered cell RAMB36E1 clocked by clk_i  {rise@0.000ns fall@6.250ns period=12.500ns})
  Destination:            u_core/u_fetch/branch_pc_q_reg[24]/D
                            (rising edge-triggered cell FDCE clocked by clk_i  {rise@0.000ns fall@6.250ns period=12.500ns})
  Path Group:             clk_i
  Path Type:              Setup (Max at Slow Process Corner)
  Requirement:            12.500ns  (clk_i rise@12.500ns - clk_i rise@0.000ns)
  Data Path Delay:        12.287ns  (logic 5.317ns (43.274%)  route 6.970ns (56.726%))
  Logic Levels:           17  (CARRY4=6 LUT2=1 LUT3=1 LUT4=1 LUT5=1 LUT6=7)
  Clock Path Skew:        -0.105ns (DCD - SCD + CPR)
    Destination Clock Delay (DCD):    1.564ns = ( 14.064 - 12.500 ) 
    Source Clock Delay      (SCD):    1.784ns
    Clock Pessimism Removal (CPR):    0.115ns
  Clock Uncertainty:      0.035ns  ((TSJ^2 + TIJ^2)^1/2 + DJ) / 2 + PE
    Total System Jitter     (TSJ):    0.071ns
    Total Input Jitter      (TIJ):    0.000ns
    Discrete Jitter          (DJ):    0.000ns
    Phase Error              (PE):    0.000ns

    Location             Delay type                Incr(ns)  Path(ns)    Netlist Resource(s)
  -------------------------------------------------------------------    -------------------
                         (clock clk_i rise edge)      0.000     0.000 r  
                         propagated clock network latency
                                                      1.784     1.784    
    RAMB36_X1Y3          RAMB36E1                     0.000     1.784 r  u_tcm/u_ram/ram_reg_0_3/CLKARDCLK
    RAMB36_X1Y3          RAMB36E1 (Prop_ramb36e1_CLKARDCLK_DOADO[1])
                                                      2.454     4.238 r  u_tcm/u_ram/ram_reg_0_3/DOADO[1]
                         net (fo=6, routed)           1.044     5.282    u_core/u_lsu/u_lsu_request/ram_read1_q[6]
    SLICE_X19Y18         LUT6 (Prop_lut6_I2_O)        0.124     5.406 f  u_core/u_lsu/u_lsu_request/result_wb_q[31]_i_16/O
                         net (fo=1, routed)           0.981     6.387    u_core/u_lsu/u_lsu_request/result_wb_q[31]_i_16_n_0
    SLICE_X15Y20         LUT6 (Prop_lut6_I3_O)        0.124     6.511 r  u_core/u_lsu/u_lsu_request/result_wb_q[31]_i_7/O
                         net (fo=29, routed)          0.838     7.350    u_core/u_lsu/u_lsu_request/result_wb_q[31]_i_7_n_0
    SLICE_X17Y15         LUT6 (Prop_lut6_I5_O)        0.124     7.474 r  u_core/u_lsu/u_lsu_request/result_wb_q[9]_i_2/O
                         net (fo=2, routed)           0.167     7.640    u_core/u_issue/u_pipe_ctrl/writeback_mem_value_w[9]
    SLICE_X17Y15         LUT6 (Prop_lut6_I5_O)        0.124     7.764 r  u_core/u_issue/u_pipe_ctrl/sub_res_w_carry__1_i_29/O
                         net (fo=2, routed)           0.307     8.071    u_core/u_issue/u_pipe_ctrl/sub_res_w_carry__1_i_29_n_0
    SLICE_X18Y15         LUT6 (Prop_lut6_I4_O)        0.124     8.195 r  u_core/u_issue/u_pipe_ctrl/sub_res_w_carry__1_i_14/O
                         net (fo=16, routed)          1.005     9.201    u_core/u_issue/u_pipe_ctrl/early_data_hold_q_reg[11][1]
    SLICE_X14Y18         LUT2 (Prop_lut2_I0_O)        0.124     9.325 r  u_core/u_issue/u_pipe_ctrl/branch_update_taken_q_i_128/O
                         net (fo=1, routed)           0.000     9.325    u_core/u_issue/u_pipe_ctrl/branch_update_taken_q_i_128_n_0
    SLICE_X14Y18         CARRY4 (Prop_carry4_S[1]_CO[3])
                                                      0.533     9.858 r  u_core/u_issue/u_pipe_ctrl/branch_update_taken_q_reg_i_115/CO[3]
                         net (fo=1, routed)           0.000     9.858    u_core/u_issue/u_pipe_ctrl/branch_update_taken_q_reg_i_115_n_0
    SLICE_X14Y19         CARRY4 (Prop_carry4_CI_CO[3])
                                                      0.117     9.975 r  u_core/u_issue/u_pipe_ctrl/branch_update_taken_q_reg_i_105/CO[3]
                         net (fo=1, routed)           0.000     9.975    u_core/u_issue/u_pipe_ctrl/branch_update_taken_q_reg_i_105_n_0
    SLICE_X14Y20         CARRY4 (Prop_carry4_CI_CO[3])
                                                      0.117    10.092 r  u_core/u_issue/u_pipe_ctrl/branch_update_taken_q_reg_i_87/CO[3]
                         net (fo=1, routed)           0.000    10.092    u_core/u_issue/u_pipe_ctrl/branch_update_taken_q_reg_i_87_n_0
    SLICE_X14Y21         CARRY4 (Prop_carry4_CI_CO[3])
                                                      0.117    10.209 r  u_core/u_issue/u_pipe_ctrl/branch_update_taken_q_reg_i_60/CO[3]
                         net (fo=1, routed)           0.000    10.209    u_core/u_issue/u_pipe_ctrl/branch_update_taken_q_reg_i_60_n_0
    SLICE_X14Y22         CARRY4 (Prop_carry4_CI_CO[3])
                                                      0.117    10.326 r  u_core/u_issue/u_pipe_ctrl/branch_update_taken_q_reg_i_31/CO[3]
                         net (fo=1, routed)           0.000    10.326    u_core/u_issue/u_pipe_ctrl/branch_update_taken_q_reg_i_31_n_0
    SLICE_X14Y23         CARRY4 (Prop_carry4_CI_O[3])
                                                      0.315    10.641 r  u_core/u_issue/u_pipe_ctrl/branch_update_taken_q_reg_i_12/O[3]
                         net (fo=1, routed)           0.586    11.226    u_core/u_issue/u_pipe_ctrl/u_exec/less_than_signed01_out[31]
    SLICE_X12Y23         LUT3 (Prop_lut3_I0_O)        0.307    11.533 r  u_core/u_issue/u_pipe_ctrl/branch_update_taken_q_i_7/O
                         net (fo=1, routed)           0.473    12.006    u_core/u_decode/branch_update_taken_q_i_2_0
    SLICE_X11Y21         LUT6 (Prop_lut6_I4_O)        0.124    12.130 r  u_core/u_decode/branch_update_taken_q_i_3/O
                         net (fo=1, routed)           0.264    12.394    u_core/u_decode/branch_update_taken_q_i_3_n_0
    SLICE_X11Y21         LUT6 (Prop_lut6_I0_O)        0.124    12.518 r  u_core/u_decode/branch_update_taken_q_i_2/O
                         net (fo=64, routed)          0.875    13.393    u_core/u_decode/branch_update_taken_q_i_2_n_0
    SLICE_X10Y25         LUT5 (Prop_lut5_I0_O)        0.124    13.517 r  u_core/u_decode/branch_pc_q[24]_i_2/O
                         net (fo=1, routed)           0.430    13.947    u_core/u_csr/branch_pc_q_reg[24]
    SLICE_X11Y24         LUT4 (Prop_lut4_I2_O)        0.124    14.071 r  u_core/u_csr/branch_pc_q[24]_i_1/O
                         net (fo=1, routed)           0.000    14.071    u_core/u_fetch/D[22]
    SLICE_X11Y24         FDCE                                         r  u_core/u_fetch/branch_pc_q_reg[24]/D
  -------------------------------------------------------------------    -------------------

                         (clock clk_i rise edge)     12.500    12.500 r  
                         propagated clock network latency
                                                      1.564    14.064    
                         clock pessimism              0.115    14.179    
                         clock uncertainty           -0.035    14.144    
    SLICE_X11Y24         FDCE (Setup_fdce_C_D)        0.029    14.173    u_core/u_fetch/branch_pc_q_reg[24]
  -------------------------------------------------------------------
                         required time                         14.173    
                         arrival time                         -14.071    
  -------------------------------------------------------------------
                         slack                                  0.101    

Slack (MET) :             0.115ns  (required time - arrival time)
  Source:                 u_tcm/u_ram/ram_reg_0_3/CLKARDCLK
                            (rising edge-triggered cell RAMB36E1 clocked by clk_i  {rise@0.000ns fall@6.250ns period=12.500ns})
  Destination:            u_core/u_fetch/branch_pc_q_reg[21]/CE
                            (rising edge-triggered cell FDCE clocked by clk_i  {rise@0.000ns fall@6.250ns period=12.500ns})
  Path Group:             clk_i
  Path Type:              Setup (Max at Slow Process Corner)
  Requirement:            12.500ns  (clk_i rise@12.500ns - clk_i rise@0.000ns)
  Data Path Delay:        12.077ns  (logic 5.193ns (42.999%)  route 6.884ns (57.001%))
  Logic Levels:           16  (CARRY4=6 LUT2=1 LUT3=1 LUT6=8)
  Clock Path Skew:        -0.103ns (DCD - SCD + CPR)
    Destination Clock Delay (DCD):    1.566ns = ( 14.066 - 12.500 ) 
    Source Clock Delay      (SCD):    1.784ns
    Clock Pessimism Removal (CPR):    0.115ns
  Clock Uncertainty:      0.035ns  ((TSJ^2 + TIJ^2)^1/2 + DJ) / 2 + PE
    Total System Jitter     (TSJ):    0.071ns
    Total Input Jitter      (TIJ):    0.000ns
    Discrete Jitter          (DJ):    0.000ns
    Phase Error              (PE):    0.000ns

    Location             Delay type                Incr(ns)  Path(ns)    Netlist Resource(s)
  -------------------------------------------------------------------    -------------------
                         (clock clk_i rise edge)      0.000     0.000 r  
                         propagated clock network latency
                                                      1.784     1.784    
    RAMB36_X1Y3          RAMB36E1                     0.000     1.784 r  u_tcm/u_ram/ram_reg_0_3/CLKARDCLK
    RAMB36_X1Y3          RAMB36E1 (Prop_ramb36e1_CLKARDCLK_DOADO[1])
                                                      2.454     4.238 r  u_tcm/u_ram/ram_reg_0_3/DOADO[1]
                         net (fo=6, routed)           1.044     5.282    u_core/u_lsu/u_lsu_request/ram_read1_q[6]
    SLICE_X19Y18         LUT6 (Prop_lut6_I2_O)        0.124     5.406 f  u_core/u_lsu/u_lsu_request/result_wb_q[31]_i_16/O
                         net (fo=1, routed)           0.981     6.387    u_core/u_lsu/u_lsu_request/result_wb_q[31]_i_16_n_0
    SLICE_X15Y20         LUT6 (Prop_lut6_I3_O)        0.124     6.511 r  u_core/u_lsu/u_lsu_request/result_wb_q[31]_i_7/O
                         net (fo=29, routed)          0.838     7.350    u_core/u_lsu/u_lsu_request/result_wb_q[31]_i_7_n_0
    SLICE_X17Y15         LUT6 (Prop_lut6_I5_O)        0.124     7.474 r  u_core/u_lsu/u_lsu_request/result_wb_q[9]_i_2/O
                         net (fo=2, routed)           0.167     7.640    u_core/u_issue/u_pipe_ctrl/writeback_mem_value_w[9]
    SLICE_X17Y15         LUT6 (Prop_lut6_I5_O)        0.124     7.764 r  u_core/u_issue/u_pipe_ctrl/sub_res_w_carry__1_i_29/O
                         net (fo=2, routed)           0.307     8.071    u_core/u_issue/u_pipe_ctrl/sub_res_w_carry__1_i_29_n_0
    SLICE_X18Y15         LUT6 (Prop_lut6_I4_O)        0.124     8.195 r  u_core/u_issue/u_pipe_ctrl/sub_res_w_carry__1_i_14/O
                         net (fo=16, routed)          1.005     9.201    u_core/u_issue/u_pipe_ctrl/early_data_hold_q_reg[11][1]
    SLICE_X14Y18         LUT2 (Prop_lut2_I0_O)        0.124     9.325 r  u_core/u_issue/u_pipe_ctrl/branch_update_taken_q_i_128/O
                         net (fo=1, routed)           0.000     9.325    u_core/u_issue/u_pipe_ctrl/branch_update_taken_q_i_128_n_0
    SLICE_X14Y18         CARRY4 (Prop_carry4_S[1]_CO[3])
                                                      0.533     9.858 r  u_core/u_issue/u_pipe_ctrl/branch_update_taken_q_reg_i_115/CO[3]
                         net (fo=1, routed)           0.000     9.858    u_core/u_issue/u_pipe_ctrl/branch_update_taken_q_reg_i_115_n_0
    SLICE_X14Y19         CARRY4 (Prop_carry4_CI_CO[3])
                                                      0.117     9.975 r  u_core/u_issue/u_pipe_ctrl/branch_update_taken_q_reg_i_105/CO[3]
                         net (fo=1, routed)           0.000     9.975    u_core/u_issue/u_pipe_ctrl/branch_update_taken_q_reg_i_105_n_0
    SLICE_X14Y20         CARRY4 (Prop_carry4_CI_CO[3])
                                                      0.117    10.092 r  u_core/u_issue/u_pipe_ctrl/branch_update_taken_q_reg_i_87/CO[3]
                         net (fo=1, routed)           0.000    10.092    u_core/u_issue/u_pipe_ctrl/branch_update_taken_q_reg_i_87_n_0
    SLICE_X14Y21         CARRY4 (Prop_carry4_CI_CO[3])
                                                      0.117    10.209 r  u_core/u_issue/u_pipe_ctrl/branch_update_taken_q_reg_i_60/CO[3]
                         net (fo=1, routed)           0.000    10.209    u_core/u_issue/u_pipe_ctrl/branch_update_taken_q_reg_i_60_n_0
    SLICE_X14Y22         CARRY4 (Prop_carry4_CI_CO[3])
                                                      0.117    10.326 r  u_core/u_issue/u_pipe_ctrl/branch_update_taken_q_reg_i_31/CO[3]
                         net (fo=1, routed)           0.000    10.326    u_core/u_issue/u_pipe_ctrl/branch_update_taken_q_reg_i_31_n_0
    SLICE_X14Y23         CARRY4 (Prop_carry4_CI_O[3])
                                                      0.315    10.641 r  u_core/u_issue/u_pipe_ctrl/branch_update_taken_q_reg_i_12/O[3]
                         net (fo=1, routed)           0.586    11.226    u_core/u_issue/u_pipe_ctrl/u_exec/less_than_signed01_out[31]
    SLICE_X12Y23         LUT3 (Prop_lut3_I0_O)        0.307    11.533 r  u_core/u_issue/u_pipe_ctrl/branch_update_taken_q_i_7/O
                         net (fo=1, routed)           0.473    12.006    u_core/u_decode/branch_update_taken_q_i_2_0
    SLICE_X11Y21         LUT6 (Prop_lut6_I4_O)        0.124    12.130 r  u_core/u_decode/branch_update_taken_q_i_3/O
                         net (fo=1, routed)           0.264    12.394    u_core/u_decode/branch_update_taken_q_i_3_n_0
    SLICE_X11Y21         LUT6 (Prop_lut6_I0_O)        0.124    12.518 r  u_core/u_decode/branch_update_taken_q_i_2/O
                         net (fo=64, routed)          0.415    12.933    u_core/u_decode/branch_update_taken_q_i_2_n_0
    SLICE_X10Y21         LUT6 (Prop_lut6_I2_O)        0.124    13.057 r  u_core/u_decode/branch_pc_q[31]_i_1/O
                         net (fo=32, routed)          0.805    13.862    u_core/u_fetch/E[0]
    SLICE_X10Y26         FDCE                                         r  u_core/u_fetch/branch_pc_q_reg[21]/CE
  -------------------------------------------------------------------    -------------------

                         (clock clk_i rise edge)     12.500    12.500 r  
                         propagated clock network latency
                                                      1.566    14.066    
                         clock pessimism              0.115    14.181    
                         clock uncertainty           -0.035    14.146    
    SLICE_X10Y26         FDCE (Setup_fdce_C_CE)      -0.169    13.977    u_core/u_fetch/branch_pc_q_reg[21]
  -------------------------------------------------------------------
                         required time                         13.977    
                         arrival time                         -13.862    
  -------------------------------------------------------------------
                         slack                                  0.115    




