Copyright 1986-2022 Xilinx, Inc. All Rights Reserved.
---------------------------------------------------------------------------------------------------------------------------------------------------------------------------------------------
| Tool Version : Vivado v.2022.2 (win64) Build 3671981 Fri Oct 14 05:00:03 MDT 2022
| Date         : Tue Sep 15 22:10:52 2026
| Host         : LAPTOP-A7P3RQOS running 64-bit major release  (build 9200)
| Command      : report_utilization -hierarchical -file D:/code/FPGA/vivado/ultra_bht_btb_followup/sim/ultra_simd_subset_v1/coremark_followup/physical_followup/utilization_hierarchical.rpt
| Design       : riscv_tcm_top
| Device       : xc7z020clg400-1
| Speed File   : -1
| Design State : Routed
---------------------------------------------------------------------------------------------------------------------------------------------------------------------------------------------

Utilization Design Information

Table of Contents
-----------------
1. Utilization by Hierarchy

1. Utilization by Hierarchy
---------------------------

+-------------------------------------+------------------------------------+------------+------------+---------+------+------+--------+--------+------------+
|               Instance              |               Module               | Total LUTs | Logic LUTs | LUTRAMs | SRLs |  FFs | RAMB36 | RAMB18 | DSP Blocks |
+-------------------------------------+------------------------------------+------------+------------+---------+------+------+--------+--------+------------+
| riscv_tcm_top                       |                              (top) |       3939 |       3570 |     369 |    0 | 1910 |     16 |      0 |          6 |
|   (riscv_tcm_top)                   |                              (top) |          0 |          0 |       0 |    0 |    0 |      0 |      0 |          0 |
|   u_axi                             |                          dport_axi |         48 |         48 |       0 |    0 |  143 |      0 |      0 |          0 |
|     (u_axi)                         |                          dport_axi |          0 |          0 |       0 |    0 |    3 |      0 |      0 |          0 |
|     u_req                           |                     dport_axi_fifo |         44 |         44 |       0 |    0 |  138 |      0 |      0 |          0 |
|     u_resp                          |     dport_axi_fifo__parameterized0 |          4 |          4 |       0 |    0 |    2 |      0 |      0 |          0 |
|   u_core                            |                         riscv_core |       3704 |       3335 |     369 |    0 | 1559 |      0 |      0 |          6 |
|     u_branch_predict                |               riscv_branch_predict |        171 |         58 |     113 |    0 |   64 |      0 |      0 |          0 |
|     u_csr                           |                          riscv_csr |        124 |        124 |       0 |    0 |  382 |      0 |      0 |          0 |
|       (u_csr)                       |                          riscv_csr |         53 |         53 |       0 |    0 |  105 |      0 |      0 |          0 |
|       u_csrfile                     |                  riscv_csr_regfile |         71 |         71 |       0 |    0 |  277 |      0 |      0 |          0 |
|     u_decode                        |                       riscv_decode |       1489 |       1489 |       0 |    0 |   64 |      0 |      0 |          0 |
|     u_div                           |                      riscv_divider |        232 |        232 |       0 |    0 |  195 |      0 |      0 |          0 |
|     u_exec                          |                         riscv_exec |         90 |         90 |       0 |    0 |   95 |      0 |      0 |          0 |
|       (u_exec)                      |                         riscv_exec |         90 |         90 |       0 |    0 |   95 |      0 |      0 |          0 |
|       u_alu                         |                          riscv_alu |          0 |          0 |       0 |    0 |    0 |      0 |      0 |          0 |
|     u_fetch                         |                        riscv_fetch |        100 |        100 |       0 |    0 |  159 |      0 |      0 |          0 |
|     u_issue                         |                        riscv_issue |       1196 |        940 |     256 |    0 |  306 |      0 |      0 |          0 |
|       (u_issue)                     |                        riscv_issue |          0 |          0 |       0 |    0 |    2 |      0 |      0 |          0 |
|       u_pipe_ctrl                   |                    riscv_pipe_ctrl |        917 |        917 |       0 |    0 |  304 |      0 |      0 |          0 |
|       u_regfile                     |                      riscv_regfile |        279 |         23 |     256 |    0 |    0 |      0 |      0 |          0 |
|         REGFILE_XILINX_SINGLE.u_reg |                  riscv_xilinx_2r1w |        279 |         23 |     256 |    0 |    0 |      0 |      0 |          0 |
|     u_lsu                           |                          riscv_lsu |        223 |        223 |       0 |    0 |  194 |      0 |      0 |          0 |
|       (u_lsu)                       |                          riscv_lsu |        102 |        102 |       0 |    0 |  118 |      0 |      0 |          0 |
|       u_lsu_request                 |                     riscv_lsu_fifo |        121 |        121 |       0 |    0 |   76 |      0 |      0 |          0 |
|     u_mul                           |                   riscv_multiplier |         79 |         79 |       0 |    0 |  100 |      0 |      0 |          6 |
|   u_dmux                            |                          dport_mux |         13 |         13 |       0 |    0 |    6 |      0 |      0 |          0 |
|   u_tcm                             |                            tcm_mem |        175 |        175 |       0 |    0 |  202 |     16 |      0 |          0 |
|     (u_tcm)                         |                            tcm_mem |          1 |          1 |       0 |    0 |    4 |      0 |      0 |          0 |
|     u_conv                          |                       tcm_mem_pmem |        139 |        139 |       0 |    0 |  198 |      0 |      0 |          0 |
|       (u_conv)                      |                       tcm_mem_pmem |          4 |          4 |       0 |    0 |   32 |      0 |      0 |          0 |
|       u_requests                    |                 tcm_mem_pmem_fifo2 |         95 |         95 |       0 |    0 |   31 |      0 |      0 |          0 |
|       u_response                    | tcm_mem_pmem_fifo2__parameterized0 |         40 |         40 |       0 |    0 |  135 |      0 |      0 |          0 |
|     u_ram                           |                        tcm_mem_ram |         35 |         35 |       0 |    0 |    0 |     16 |      0 |          0 |
+-------------------------------------+------------------------------------+------------+------------+---------+------+------+--------+--------+------------+
* Note: The sum of lower-level cells may be larger than their parent cells total, due to cross-hierarchy LUT combining


