Copyright 1986-2022 Xilinx, Inc. All Rights Reserved.
----------------------------------------------------------------------------------------------------------------------------------------------------------------
| Tool Version : Vivado v.2022.2 (win64) Build 3671981 Fri Oct 14 05:00:03 MDT 2022
| Date         : Sun Sep  6 21:27:22 2026
| Host         : LAPTOP-A7P3RQOS running 64-bit major release  (build 9200)
| Command      : report_design_analysis -logic_level_distribution -file D:/code/FPGA/vivado/ultra_scalar_top_tcm_xc7z020/reports/param_sweep/B/logic_levels.rpt
| Design       : riscv_tcm_top
| Device       : xc7z020
| Design State : Routed
----------------------------------------------------------------------------------------------------------------------------------------------------------------

Report Design Analysis

Table of Contents
-----------------
1. Logic Level Distribution

1. Logic Level Distribution
---------------------------

+-----------------+-------------+---+---+----+-----+-----+----+----+-----+----+----+----+----+----+
| End Point Clock | Requirement | 1 | 8 |  9 |  10 |  11 | 12 | 13 |  14 | 15 | 16 | 17 | 18 | 19 |
+-----------------+-------------+---+---+----+-----+-----+----+----+-----+----+----+----+----+----+
| clk_i           | 10.000ns    | 8 | 5 | 95 | 441 | 124 | 15 | 88 | 179 | 14 |  8 | 11 |  8 |  4 |
+-----------------+-------------+---+---+----+-----+-----+----+----+-----+----+----+----+----+----+
* Columns represent the logic levels per end point clock
** Distribution is for top worst 1000 paths


