Copyright 1986-2022 Xilinx, Inc. All Rights Reserved.
------------------------------------------------------------------------------------------------------------------------------------------------------------
| Tool Version : Vivado v.2022.2 (win64) Build 3671981 Fri Oct 14 05:00:03 MDT 2022
| Date         : Sun Sep  6 21:27:21 2026
| Host         : LAPTOP-A7P3RQOS running 64-bit major release  (build 9200)
| Command      : report_utilization -hierarchical -file D:/code/FPGA/vivado/ultra_scalar_top_tcm_xc7z020/reports/param_sweep/B/utilization_hierarchical.rpt
| Design       : riscv_tcm_top
| Device       : xc7z020clg400-1
| Speed File   : -1
| Design State : Routed
------------------------------------------------------------------------------------------------------------------------------------------------------------

Utilization Design Information

Table of Contents
-----------------
1. Utilization by Hierarchy

1. Utilization by Hierarchy
---------------------------

+---------------------+------------------------------------+------------+------------+---------+------+------+--------+--------+------------+
|       Instance      |               Module               | Total LUTs | Logic LUTs | LUTRAMs | SRLs |  FFs | RAMB36 | RAMB18 | DSP Blocks |
+---------------------+------------------------------------+------------+------------+---------+------+------+--------+--------+------------+
| riscv_tcm_top       |                              (top) |       3646 |       3646 |       0 |    0 | 2736 |     16 |      0 |          4 |
|   (riscv_tcm_top)   |                              (top) |          0 |          0 |       0 |    0 |    0 |      0 |      0 |          0 |
|   u_axi             |                          dport_axi |         45 |         45 |       0 |    0 |  143 |      0 |      0 |          0 |
|     (u_axi)         |                          dport_axi |          0 |          0 |       0 |    0 |    3 |      0 |      0 |          0 |
|     u_req           |                     dport_axi_fifo |         43 |         43 |       0 |    0 |  138 |      0 |      0 |          0 |
|     u_resp          |     dport_axi_fifo__parameterized0 |          2 |          2 |       0 |    0 |    2 |      0 |      0 |          0 |
|   u_core            |                         riscv_core |       3392 |       3392 |       0 |    0 | 2385 |      0 |      0 |          4 |
|     u_csr           |                          riscv_csr |         51 |         51 |       0 |    0 |  381 |      0 |      0 |          0 |
|       (u_csr)       |                          riscv_csr |         18 |         18 |       0 |    0 |  104 |      0 |      0 |          0 |
|       u_csrfile     |                  riscv_csr_regfile |         33 |         33 |       0 |    0 |  277 |      0 |      0 |          0 |
|     u_decode        |                       riscv_decode |       1329 |       1329 |       0 |    0 |   69 |      0 |      0 |          0 |
|     u_div           |                      riscv_divider |        244 |        244 |       0 |    0 |  195 |      0 |      0 |          0 |
|     u_exec          |                         riscv_exec |          0 |          0 |       0 |    0 |   32 |      0 |      0 |          0 |
|       (u_exec)      |                         riscv_exec |          0 |          0 |       0 |    0 |   32 |      0 |      0 |          0 |
|       u_alu         |                          riscv_alu |          0 |          0 |       0 |    0 |    0 |      0 |      0 |          0 |
|     u_fetch         |                        riscv_fetch |        152 |        152 |       0 |    0 |  157 |      0 |      0 |          0 |
|     u_issue         |                        riscv_issue |       1369 |       1369 |       0 |    0 | 1296 |      0 |      0 |          0 |
|       (u_issue)     |                        riscv_issue |          0 |          0 |       0 |    0 |    2 |      0 |      0 |          0 |
|       u_pipe_ctrl   |                    riscv_pipe_ctrl |        852 |        852 |       0 |    0 |  302 |      0 |      0 |          0 |
|       u_regfile     |                      riscv_regfile |        517 |        517 |       0 |    0 |  992 |      0 |      0 |          0 |
|     u_lsu           |                          riscv_lsu |        182 |        182 |       0 |    0 |  156 |      0 |      0 |          0 |
|       (u_lsu)       |                          riscv_lsu |         38 |         38 |       0 |    0 |   80 |      0 |      0 |          0 |
|       u_lsu_request |                     riscv_lsu_fifo |        144 |        144 |       0 |    0 |   76 |      0 |      0 |          0 |
|     u_mul           |                   riscv_multiplier |         94 |         94 |       0 |    0 |   99 |      0 |      0 |          4 |
|   u_dmux            |                          dport_mux |         20 |         20 |       0 |    0 |    6 |      0 |      0 |          0 |
|   u_tcm             |                            tcm_mem |        195 |        195 |       0 |    0 |  202 |     16 |      0 |          0 |
|     (u_tcm)         |                            tcm_mem |          1 |          1 |       0 |    0 |    4 |      0 |      0 |          0 |
|     u_conv          |                       tcm_mem_pmem |        150 |        150 |       0 |    0 |  198 |      0 |      0 |          0 |
|       (u_conv)      |                       tcm_mem_pmem |          4 |          4 |       0 |    0 |   32 |      0 |      0 |          0 |
|       u_requests    |                 tcm_mem_pmem_fifo2 |        107 |        107 |       0 |    0 |   31 |      0 |      0 |          0 |
|       u_response    | tcm_mem_pmem_fifo2__parameterized0 |         39 |         39 |       0 |    0 |  135 |      0 |      0 |          0 |
|     u_ram           |                        tcm_mem_ram |         44 |         44 |       0 |    0 |    0 |     16 |      0 |          0 |
+---------------------+------------------------------------+------------+------------+---------+------+------+--------+--------+------------+
* Note: The sum of lower-level cells may be larger than their parent cells total, due to cross-hierarchy LUT combining


