Copyright 1986-2022 Xilinx, Inc. All Rights Reserved.
------------------------------------------------------------------------------------------------------------------------------------------------------------
| Tool Version : Vivado v.2022.2 (win64) Build 3671981 Fri Oct 14 05:00:03 MDT 2022
| Date         : Sun Sep  6 21:31:09 2026
| Host         : LAPTOP-A7P3RQOS running 64-bit major release  (build 9200)
| Command      : report_utilization -hierarchical -file D:/code/FPGA/vivado/ultra_scalar_top_tcm_xc7z020/reports/param_sweep/C/utilization_hierarchical.rpt
| Design       : riscv_tcm_top
| Device       : xc7z020clg400-1
| Speed File   : -1
| Design State : Routed
------------------------------------------------------------------------------------------------------------------------------------------------------------

Utilization Design Information

Table of Contents
-----------------
1. Utilization by Hierarchy

1. Utilization by Hierarchy
---------------------------

+-------------------------------------+------------------------------------+------------+------------+---------+------+------+--------+--------+------------+
|               Instance              |               Module               | Total LUTs | Logic LUTs | LUTRAMs | SRLs |  FFs | RAMB36 | RAMB18 | DSP Blocks |
+-------------------------------------+------------------------------------+------------+------------+---------+------+------+--------+--------+------------+
| riscv_tcm_top                       |                              (top) |       3338 |       3082 |     256 |    0 | 1674 |     16 |      0 |          4 |
|   (riscv_tcm_top)                   |                              (top) |          0 |          0 |       0 |    0 |    0 |      0 |      0 |          0 |
|   u_axi                             |                          dport_axi |         45 |         45 |       0 |    0 |  143 |      0 |      0 |          0 |
|     (u_axi)                         |                          dport_axi |          0 |          0 |       0 |    0 |    3 |      0 |      0 |          0 |
|     u_req                           |                     dport_axi_fifo |         43 |         43 |       0 |    0 |  138 |      0 |      0 |          0 |
|     u_resp                          |     dport_axi_fifo__parameterized0 |          2 |          2 |       0 |    0 |    2 |      0 |      0 |          0 |
|   u_core                            |                         riscv_core |       3079 |       2823 |     256 |    0 | 1323 |      0 |      0 |          4 |
|     u_csr                           |                          riscv_csr |        197 |        197 |       0 |    0 |  381 |      0 |      0 |          0 |
|       (u_csr)                       |                          riscv_csr |         48 |         48 |       0 |    0 |  104 |      0 |      0 |          0 |
|       u_csrfile                     |                  riscv_csr_regfile |        149 |        149 |       0 |    0 |  277 |      0 |      0 |          0 |
|     u_div                           |                      riscv_divider |        242 |        242 |       0 |    0 |  195 |      0 |      0 |          0 |
|     u_exec                          |                         riscv_exec |          0 |          0 |       0 |    0 |   32 |      0 |      0 |          0 |
|       (u_exec)                      |                         riscv_exec |          0 |          0 |       0 |    0 |   32 |      0 |      0 |          0 |
|       u_alu                         |                          riscv_alu |          0 |          0 |       0 |    0 |    0 |      0 |      0 |          0 |
|     u_fetch                         |                        riscv_fetch |       1360 |       1360 |       0 |    0 |  157 |      0 |      0 |          0 |
|     u_issue                         |                        riscv_issue |       1063 |        807 |     256 |    0 |  304 |      0 |      0 |          0 |
|       (u_issue)                     |                        riscv_issue |          0 |          0 |       0 |    0 |    2 |      0 |      0 |          0 |
|       u_pipe_ctrl                   |                    riscv_pipe_ctrl |        807 |        807 |       0 |    0 |  302 |      0 |      0 |          0 |
|       u_regfile                     |                      riscv_regfile |        256 |          0 |     256 |    0 |    0 |      0 |      0 |          0 |
|         REGFILE_XILINX_SINGLE.u_reg |                  riscv_xilinx_2r1w |        256 |          0 |     256 |    0 |    0 |      0 |      0 |          0 |
|     u_lsu                           |                          riscv_lsu |        141 |        141 |       0 |    0 |  155 |      0 |      0 |          0 |
|       (u_lsu)                       |                          riscv_lsu |         36 |         36 |       0 |    0 |   79 |      0 |      0 |          0 |
|       u_lsu_request                 |                     riscv_lsu_fifo |        105 |        105 |       0 |    0 |   76 |      0 |      0 |          0 |
|     u_mul                           |                   riscv_multiplier |         79 |         79 |       0 |    0 |   99 |      0 |      0 |          4 |
|   u_dmux                            |                          dport_mux |         37 |         37 |       0 |    0 |    6 |      0 |      0 |          0 |
|   u_tcm                             |                            tcm_mem |        181 |        181 |       0 |    0 |  202 |     16 |      0 |          0 |
|     (u_tcm)                         |                            tcm_mem |          1 |          1 |       0 |    0 |    4 |      0 |      0 |          0 |
|     u_conv                          |                       tcm_mem_pmem |        149 |        149 |       0 |    0 |  198 |      0 |      0 |          0 |
|       (u_conv)                      |                       tcm_mem_pmem |          4 |          4 |       0 |    0 |   32 |      0 |      0 |          0 |
|       u_requests                    |                 tcm_mem_pmem_fifo2 |        106 |        106 |       0 |    0 |   31 |      0 |      0 |          0 |
|       u_response                    | tcm_mem_pmem_fifo2__parameterized0 |         39 |         39 |       0 |    0 |  135 |      0 |      0 |          0 |
|     u_ram                           |                        tcm_mem_ram |         31 |         31 |       0 |    0 |    0 |     16 |      0 |          0 |
+-------------------------------------+------------------------------------+------------+------------+---------+------+------+--------+--------+------------+
* Note: The sum of lower-level cells may be larger than their parent cells total, due to cross-hierarchy LUT combining


