CONFIG=C
WORKLOAD=short
ITERATIONS=16
COMPILER=D:\code\FPGA\toolchains\xpack-riscv-none-elf-gcc-15.2.0-1\bin\riscv-none-elf-gcc.exe
TOOLCHAIN=D:\code\FPGA\toolchains\xpack-riscv-none-elf-gcc-15.2.0-1
DESCRIPTION=-O3 -flto -funroll-loops
FLAGS=-march=rv32im_zicsr -mabi=ilp32 -mcmodel=medany -msmall-data-limit=0 -O3 -flto -funroll-loops -ffreestanding -fno-builtin -fno-stack-protector -fno-pic -fdata-sections -ffunction-sections
LTO_AT_COMPILE_AND_LINK=yes
COMMAND: D:\code\FPGA\toolchains\xpack-riscv-none-elf-gcc-15.2.0-1\bin\riscv-none-elf-gcc.exe -march=rv32im_zicsr -mabi=ilp32 -mcmodel=medany -msmall-data-limit=0 -ffreestanding -fno-builtin -fno-stack-protector -fno-pic -fdata-sections -ffunction-sections -std=gnu11 -Wall -Wextra -ID:\code\FPGA\vivado\ultra_bht_btb_followup\sim\compiler_screen_20260915\source\coremark-ultra -DTOTAL_DATA_SIZE=2000 -DMEM_METHOD=MEM_STATIC -DMULTITHREAD=1 -DITERATIONS=16 -DHAS_FLOAT=0 -DHAS_STDIO=0 -DHAS_PRINTF=0 -DMAIN_HAS_NOARGC=1 -DMAIN_HAS_NORETURN=0 -DSEED_METHOD=SEED_VOLATILE -DMEM_LOCATION="TCM" -DULTRA_OPT_LEVEL=3 -DULTRA_PERF_COUNTERS -DULTRA_XPACK_GCC -O3 -flto -funroll-loops -c D:\code\FPGA\vivado\ultra_bht_btb_followup\sim\compiler_screen_20260915\source\coremark-ultra\core_main.c -o D:\code\FPGA\vivado\ultra_bht_btb_followup\sim\compiler_screen_20260915\build\short\C\core_main.o
COMMAND: D:\code\FPGA\toolchains\xpack-riscv-none-elf-gcc-15.2.0-1\bin\riscv-none-elf-gcc.exe -march=rv32im_zicsr -mabi=ilp32 -mcmodel=medany -msmall-data-limit=0 -ffreestanding -fno-builtin -fno-stack-protector -fno-pic -fdata-sections -ffunction-sections -std=gnu11 -Wall -Wextra -ID:\code\FPGA\vivado\ultra_bht_btb_followup\sim\compiler_screen_20260915\source\coremark-ultra -DTOTAL_DATA_SIZE=2000 -DMEM_METHOD=MEM_STATIC -DMULTITHREAD=1 -DITERATIONS=16 -DHAS_FLOAT=0 -DHAS_STDIO=0 -DHAS_PRINTF=0 -DMAIN_HAS_NOARGC=1 -DMAIN_HAS_NORETURN=0 -DSEED_METHOD=SEED_VOLATILE -DMEM_LOCATION="TCM" -DULTRA_OPT_LEVEL=3 -DULTRA_PERF_COUNTERS -DULTRA_XPACK_GCC -O3 -flto -funroll-loops -c D:\code\FPGA\vivado\ultra_bht_btb_followup\sim\compiler_screen_20260915\source\coremark-ultra\core_list_join.c -o D:\code\FPGA\vivado\ultra_bht_btb_followup\sim\compiler_screen_20260915\build\short\C\core_list_join.o
COMMAND: D:\code\FPGA\toolchains\xpack-riscv-none-elf-gcc-15.2.0-1\bin\riscv-none-elf-gcc.exe -march=rv32im_zicsr -mabi=ilp32 -mcmodel=medany -msmall-data-limit=0 -ffreestanding -fno-builtin -fno-stack-protector -fno-pic -fdata-sections -ffunction-sections -std=gnu11 -Wall -Wextra -ID:\code\FPGA\vivado\ultra_bht_btb_followup\sim\compiler_screen_20260915\source\coremark-ultra -DTOTAL_DATA_SIZE=2000 -DMEM_METHOD=MEM_STATIC -DMULTITHREAD=1 -DITERATIONS=16 -DHAS_FLOAT=0 -DHAS_STDIO=0 -DHAS_PRINTF=0 -DMAIN_HAS_NOARGC=1 -DMAIN_HAS_NORETURN=0 -DSEED_METHOD=SEED_VOLATILE -DMEM_LOCATION="TCM" -DULTRA_OPT_LEVEL=3 -DULTRA_PERF_COUNTERS -DULTRA_XPACK_GCC -O3 -flto -funroll-loops -c D:\code\FPGA\vivado\ultra_bht_btb_followup\sim\compiler_screen_20260915\source\coremark-ultra\core_matrix.c -o D:\code\FPGA\vivado\ultra_bht_btb_followup\sim\compiler_screen_20260915\build\short\C\core_matrix.o
COMMAND: D:\code\FPGA\toolchains\xpack-riscv-none-elf-gcc-15.2.0-1\bin\riscv-none-elf-gcc.exe -march=rv32im_zicsr -mabi=ilp32 -mcmodel=medany -msmall-data-limit=0 -ffreestanding -fno-builtin -fno-stack-protector -fno-pic -fdata-sections -ffunction-sections -std=gnu11 -Wall -Wextra -ID:\code\FPGA\vivado\ultra_bht_btb_followup\sim\compiler_screen_20260915\source\coremark-ultra -DTOTAL_DATA_SIZE=2000 -DMEM_METHOD=MEM_STATIC -DMULTITHREAD=1 -DITERATIONS=16 -DHAS_FLOAT=0 -DHAS_STDIO=0 -DHAS_PRINTF=0 -DMAIN_HAS_NOARGC=1 -DMAIN_HAS_NORETURN=0 -DSEED_METHOD=SEED_VOLATILE -DMEM_LOCATION="TCM" -DULTRA_OPT_LEVEL=3 -DULTRA_PERF_COUNTERS -DULTRA_XPACK_GCC -O3 -flto -funroll-loops -c D:\code\FPGA\vivado\ultra_bht_btb_followup\sim\compiler_screen_20260915\source\coremark-ultra\core_state.c -o D:\code\FPGA\vivado\ultra_bht_btb_followup\sim\compiler_screen_20260915\build\short\C\core_state.o
COMMAND: D:\code\FPGA\toolchains\xpack-riscv-none-elf-gcc-15.2.0-1\bin\riscv-none-elf-gcc.exe -march=rv32im_zicsr -mabi=ilp32 -mcmodel=medany -msmall-data-limit=0 -ffreestanding -fno-builtin -fno-stack-protector -fno-pic -fdata-sections -ffunction-sections -std=gnu11 -Wall -Wextra -ID:\code\FPGA\vivado\ultra_bht_btb_followup\sim\compiler_screen_20260915\source\coremark-ultra -DTOTAL_DATA_SIZE=2000 -DMEM_METHOD=MEM_STATIC -DMULTITHREAD=1 -DITERATIONS=16 -DHAS_FLOAT=0 -DHAS_STDIO=0 -DHAS_PRINTF=0 -DMAIN_HAS_NOARGC=1 -DMAIN_HAS_NORETURN=0 -DSEED_METHOD=SEED_VOLATILE -DMEM_LOCATION="TCM" -DULTRA_OPT_LEVEL=3 -DULTRA_PERF_COUNTERS -DULTRA_XPACK_GCC -O3 -flto -funroll-loops -c D:\code\FPGA\vivado\ultra_bht_btb_followup\sim\compiler_screen_20260915\source\coremark-ultra\core_util.c -o D:\code\FPGA\vivado\ultra_bht_btb_followup\sim\compiler_screen_20260915\build\short\C\core_util.o
COMMAND: D:\code\FPGA\toolchains\xpack-riscv-none-elf-gcc-15.2.0-1\bin\riscv-none-elf-gcc.exe -march=rv32im_zicsr -mabi=ilp32 -mcmodel=medany -msmall-data-limit=0 -ffreestanding -fno-builtin -fno-stack-protector -fno-pic -fdata-sections -ffunction-sections -std=gnu11 -Wall -Wextra -ID:\code\FPGA\vivado\ultra_bht_btb_followup\sim\compiler_screen_20260915\source\coremark-ultra -DTOTAL_DATA_SIZE=2000 -DMEM_METHOD=MEM_STATIC -DMULTITHREAD=1 -DITERATIONS=16 -DHAS_FLOAT=0 -DHAS_STDIO=0 -DHAS_PRINTF=0 -DMAIN_HAS_NOARGC=1 -DMAIN_HAS_NORETURN=0 -DSEED_METHOD=SEED_VOLATILE -DMEM_LOCATION="TCM" -DULTRA_OPT_LEVEL=3 -DULTRA_PERF_COUNTERS -DULTRA_XPACK_GCC -O3 -flto -funroll-loops -c D:\code\FPGA\vivado\ultra_bht_btb_followup\sim\compiler_screen_20260915\source\coremark-ultra\core_portme.c -o D:\code\FPGA\vivado\ultra_bht_btb_followup\sim\compiler_screen_20260915\build\short\C\core_portme.o
COMMAND: D:\code\FPGA\toolchains\xpack-riscv-none-elf-gcc-15.2.0-1\bin\riscv-none-elf-gcc.exe -march=rv32im_zicsr -mabi=ilp32 -mcmodel=medany -msmall-data-limit=0 -ffreestanding -fno-builtin -fno-stack-protector -fno-pic -fdata-sections -ffunction-sections -std=gnu11 -Wall -Wextra -ID:\code\FPGA\vivado\ultra_bht_btb_followup\sim\compiler_screen_20260915\source\coremark-ultra -DTOTAL_DATA_SIZE=2000 -DMEM_METHOD=MEM_STATIC -DMULTITHREAD=1 -DITERATIONS=16 -DHAS_FLOAT=0 -DHAS_STDIO=0 -DHAS_PRINTF=0 -DMAIN_HAS_NOARGC=1 -DMAIN_HAS_NORETURN=0 -DSEED_METHOD=SEED_VOLATILE -DMEM_LOCATION="TCM" -DULTRA_OPT_LEVEL=3 -DULTRA_PERF_COUNTERS -DULTRA_XPACK_GCC -O3 -flto -funroll-loops -c D:\code\FPGA\vivado\ultra_bht_btb_followup\sim\compiler_screen_20260915\source\coremark-ultra\ee_printf.c -o D:\code\FPGA\vivado\ultra_bht_btb_followup\sim\compiler_screen_20260915\build\short\C\ee_printf.o
D:\code\FPGA\vivado\ultra_bht_btb_followup\sim\compiler_screen_20260915\source\coremark-ultra\ee_printf.c: In function 'eaddr':
D:\code\FPGA\vivado\ultra_bht_btb_followup\sim\compiler_screen_20260915\source\coremark-ultra\ee_printf.c:143:53: warning: unused parameter 'precision' [-Wunused-parameter]
  143 | eaddr(char *str, unsigned char *addr, int size, int precision, int type)
      |                                                 ~~~~^~~~~~~~~
D:\code\FPGA\vivado\ultra_bht_btb_followup\sim\compiler_screen_20260915\source\coremark-ultra\ee_printf.c: In function 'iaddr':
D:\code\FPGA\vivado\ultra_bht_btb_followup\sim\compiler_screen_20260915\source\coremark-ultra\ee_printf.c:172:53: warning: unused parameter 'precision' [-Wunused-parameter]
  172 | iaddr(char *str, unsigned char *addr, int size, int precision, int type)
      |                                                 ~~~~^~~~~~~~~
D:\code\FPGA\vivado\ultra_bht_btb_followup\sim\compiler_screen_20260915\source\coremark-ultra\ee_printf.c: In function 'ee_vsprintf':
D:\code\FPGA\vivado\ultra_bht_btb_followup\sim\compiler_screen_20260915\source\coremark-ultra\ee_printf.c:589:23: warning: this statement may fall through [-Wimplicit-fallthrough=]
  589 |                 flags |= UPPERCASE;
      |                       ^
D:\code\FPGA\vivado\ultra_bht_btb_followup\sim\compiler_screen_20260915\source\coremark-ultra\ee_printf.c:591:13: note: here
  591 |             case 'a':
      |             ^~~~
D:\code\FPGA\vivado\ultra_bht_btb_followup\sim\compiler_screen_20260915\source\coremark-ultra\ee_printf.c:612:23: warning: this statement may fall through [-Wimplicit-fallthrough=]
  612 |                 flags |= UPPERCASE;
      |                       ^
D:\code\FPGA\vivado\ultra_bht_btb_followup\sim\compiler_screen_20260915\source\coremark-ultra\ee_printf.c:614:13: note: here
  614 |             case 'x':
      |             ^~~~
COMMAND: D:\code\FPGA\toolchains\xpack-riscv-none-elf-gcc-15.2.0-1\bin\riscv-none-elf-gcc.exe -march=rv32im_zicsr -mabi=ilp32 -mcmodel=medany -msmall-data-limit=0 -ffreestanding -fno-builtin -fno-stack-protector -fno-pic -fdata-sections -ffunction-sections -std=gnu11 -Wall -Wextra -ID:\code\FPGA\vivado\ultra_bht_btb_followup\sim\compiler_screen_20260915\source\coremark-ultra -DTOTAL_DATA_SIZE=2000 -DMEM_METHOD=MEM_STATIC -DMULTITHREAD=1 -DITERATIONS=16 -DHAS_FLOAT=0 -DHAS_STDIO=0 -DHAS_PRINTF=0 -DMAIN_HAS_NOARGC=1 -DMAIN_HAS_NORETURN=0 -DSEED_METHOD=SEED_VOLATILE -DMEM_LOCATION="TCM" -DULTRA_OPT_LEVEL=3 -DULTRA_PERF_COUNTERS -DULTRA_XPACK_GCC -O3 -flto -funroll-loops -c D:\code\FPGA\vivado\ultra_bht_btb_followup\sim\compiler_screen_20260915\source\coremark-ultra\startup.S -o D:\code\FPGA\vivado\ultra_bht_btb_followup\sim\compiler_screen_20260915\build\short\C\startup.o
COMMAND: D:\code\FPGA\toolchains\xpack-riscv-none-elf-gcc-15.2.0-1\bin\riscv-none-elf-gcc.exe -march=rv32im_zicsr -mabi=ilp32 -mcmodel=medany -msmall-data-limit=0 -ffreestanding -fno-builtin -fno-stack-protector -fno-pic -fdata-sections -ffunction-sections -std=gnu11 -Wall -Wextra -ID:\code\FPGA\vivado\ultra_bht_btb_followup\sim\compiler_screen_20260915\source\coremark-ultra -DTOTAL_DATA_SIZE=2000 -DMEM_METHOD=MEM_STATIC -DMULTITHREAD=1 -DITERATIONS=16 -DHAS_FLOAT=0 -DHAS_STDIO=0 -DHAS_PRINTF=0 -DMAIN_HAS_NOARGC=1 -DMAIN_HAS_NORETURN=0 -DSEED_METHOD=SEED_VOLATILE -DMEM_LOCATION="TCM" -DULTRA_OPT_LEVEL=3 -DULTRA_PERF_COUNTERS -DULTRA_XPACK_GCC -O3 -flto -funroll-loops -nostdlib -Wl,--gc-sections -Wl,-T,D:\code\FPGA\vivado\ultra_bht_btb_followup\sim\compiler_screen_20260915\source\coremark-ultra\linker.ld -Wl,-Map,D:\code\FPGA\vivado\ultra_bht_btb_followup\sim\compiler_screen_20260915\build\short\C\coremark.map D:\code\FPGA\vivado\ultra_bht_btb_followup\sim\compiler_screen_20260915\build\short\C\core_main.o D:\code\FPGA\vivado\ultra_bht_btb_followup\sim\compiler_screen_20260915\build\short\C\core_list_join.o D:\code\FPGA\vivado\ultra_bht_btb_followup\sim\compiler_screen_20260915\build\short\C\core_matrix.o D:\code\FPGA\vivado\ultra_bht_btb_followup\sim\compiler_screen_20260915\build\short\C\core_state.o D:\code\FPGA\vivado\ultra_bht_btb_followup\sim\compiler_screen_20260915\build\short\C\core_util.o D:\code\FPGA\vivado\ultra_bht_btb_followup\sim\compiler_screen_20260915\build\short\C\core_portme.o D:\code\FPGA\vivado\ultra_bht_btb_followup\sim\compiler_screen_20260915\build\short\C\ee_printf.o D:\code\FPGA\vivado\ultra_bht_btb_followup\sim\compiler_screen_20260915\build\short\C\startup.o -lgcc -o D:\code\FPGA\vivado\ultra_bht_btb_followup\sim\compiler_screen_20260915\build\short\C\coremark.elf
D:/code/FPGA/toolchains/xpack-riscv-none-elf-gcc-15.2.0-1/bin/../lib/gcc/riscv-none-elf/15.2.0/../../../../riscv-none-elf/bin/ld.exe: warning: D:\code\FPGA\vivado\ultra_bht_btb_followup\sim\compiler_screen_20260915\build\short\C\coremark.elf has a LOAD segment with RWX permissions
